---
source: rwf-bin/src/ui/dialog/snapshot_tests/mod.rs
expression: "render_dialog_to_string(dialog, state, width, height)"
---
Buffer {
    area: Rect { x: 0, y: 0, width: 120, height: 40 },
    content: [
        "                                                                                                                        ",
        "                                                                                                                        ",
        "                                                                                                                        ",
        "                                                                                                                        ",
        "                                                                                                                        ",
        "                                                                                                                        ",
        "                        ┌Diagnostic Report─────────────────────────────────────────────────────┐                        ",
        "                        │  What happened? (problem / expected behaviour)                       │                        ",
        "                        │  line 9                                                              │                        ",
        "                        │  line 10                                                             │                        ",
        "                        │  line 11                                                             │                        ",
        "                        │  line 12                                                             │                        ",
        "                        │  line 13                                                             │                        ",
        "                        │  line 14                                                             │                        ",
        "                        │  line 15                                                             │                        ",
        "                        │  line 16                                                             │                        ",
        "                        │  line 17                                                             │                        ",
        "                        │  line 18                                                             │                        ",
        "                        │  line 19                                                             │                        ",
        "                        │  line 20█                                                            │                        ",
        "                        │                                                                      │                        ",
        "                        │                                                                      │                        ",
        "                        │                                                                      │                        ",
        "                        │                                                                      │                        ",
        "                        │                                                                      │                        ",
        "                        │                                                                      │                        ",
        "                        │                                                                      │                        ",
        "                        │                                                                      │                        ",
        "                        │                                                                      │                        ",
        "                        │                                                                      │                        ",
        "                        │                                                                      │                        ",
        "                        │                                                                      │                        ",
        "                        │  Ctrl+S confirm, Enter newline, Esc cancel                           │                        ",
        "                        └──────────────────────────────────────────────────────────────────────┘                        ",
        "                                                                                                                        ",
        "                                                                                                                        ",
        "                                                                                                                        ",
        "                                                                                                                        ",
        "                                                                                                                        ",
        "                                                                                                                        ",
    ],
    styles: [
        x: 0, y: 0, fg: Reset, bg: Reset, underline: Reset, modifier: NONE,
        x: 24, y: 6, fg: Black, bg: Gray, underline: Reset, modifier: NONE,
        x: 25, y: 6, fg: Black, bg: Gray, underline: Reset, modifier: BOLD,
        x: 42, y: 6, fg: Black, bg: Gray, underline: Reset, modifier: NONE,
        x: 96, y: 6, fg: Reset, bg: Reset, underline: Reset, modifier: NONE,
        x: 24, y: 7, fg: Black, bg: Gray, underline: Reset, modifier: NONE,
        x: 25, y: 7, fg: Reset, bg: Gray, underline: Reset, modifier: NONE,
        x: 27, y: 7, fg: Black, bg: Gray, underline: Reset, modifier: NONE,
        x: 93, y: 7, fg: Reset, bg: Gray, underline: Reset, modifier: NONE,
        x: 95, y: 7, fg: Black, bg: Gray, underline: Reset, modifier: NONE,
        x: 96, y: 7, fg: Reset, bg: Reset, underline: Reset, modifier: NONE,
        x: 24, y: 8, fg: Black, bg: Gray, underline: Reset, modifier: NONE,
        x: 25, y: 8, fg: Reset, bg: Gray, underline: Reset, modifier: NONE,
        x: 27, y: 8, fg: Black, bg: White, underline: Reset, modifier: NONE,
        x: 93, y: 8, fg: Reset, bg: Gray, underline: Reset, modifier: NONE,
        x: 95, y: 8, fg: Black, bg: Gray, underline: Reset, modifier: NONE,
        x: 96, y: 8, fg: Reset, bg: Reset, underline: Reset, modifier: NONE,
        x: 24, y: 9, fg: Black, bg: Gray, underline: Reset, modifier: NONE,
        x: 25, y: 9, fg: Reset, bg: Gray, underline: Reset, modifier: NONE,
        x: 27, y: 9, fg: Black, bg: White, underline: Reset, modifier: NONE,
        x: 93, y: 9, fg: Reset, bg: Gray, underline: Reset, modifier: NONE,
        x: 95, y: 9, fg: Black, bg: Gray, underline: Reset, modifier: NONE,
        x: 96, y: 9, fg: Reset, bg: Reset, underline: Reset, modifier: NONE,
        x: 24, y: 10, fg: Black, bg: Gray, underline: Reset, modifier: NONE,
        x: 25, y: 10, fg: Reset, bg: Gray, underline: Reset, modifier: NONE,
        x: 27, y: 10, fg: Black, bg: White, underline: Reset, modifier: NONE,
        x: 93, y: 10, fg: Reset, bg: Gray, underline: Reset, modifier: NONE,
        x: 95, y: 10, fg: Black, bg: Gray, underline: Reset, modifier: NONE,
        x: 96, y: 10, fg: Reset, bg: Reset, underline: Reset, modifier: NONE,
        x: 24, y: 11, fg: Black, bg: Gray, underline: Reset, modifier: NONE,
        x: 25, y: 11, fg: Reset, bg: Gray, underline: Reset, modifier: NONE,
        x: 27, y: 11, fg: Black, bg: White, underline: Reset, modifier: NONE,
        x: 93, y: 11, fg: Reset, bg: Gray, underline: Reset, modifier: NONE,
        x: 95, y: 11, fg: Black, bg: Gray, underline: Reset, modifier: NONE,
        x: 96, y: 11, fg: Reset, bg: Reset, underline: Reset, modifier: NONE,
        x: 24, y: 12, fg: Black, bg: Gray, underline: Reset, modifier: NONE,
        x: 25, y: 12, fg: Reset, bg: Gray, underline: Reset, modifier: NONE,
        x: 27, y: 12, fg: Black, bg: White, underline: Reset, modifier: NONE,
        x: 93, y: 12, fg: Reset, bg: Gray, underline: Reset, modifier: NONE,
        x: 95, y: 12, fg: Black, bg: Gray, underline: Reset, modifier: NONE,
        x: 96, y: 12, fg: Reset, bg: Reset, underline: Reset, modifier: NONE,
        x: 24, y: 13, fg: Black, bg: Gray, underline: Reset, modifier: NONE,
        x: 25, y: 13, fg: Reset, bg: Gray, underline: Reset, modifier: NONE,
        x: 27, y: 13, fg: Black, bg: White, underline: Reset, modifier: NONE,
        x: 93, y: 13, fg: Reset, bg: Gray, underline: Reset, modifier: NONE,
        x: 95, y: 13, fg: Black, bg: Gray, underline: Reset, modifier: NONE,
        x: 96, y: 13, fg: Reset, bg: Reset, underline: Reset, modifier: NONE,
        x: 24, y: 14, fg: Black, bg: Gray, underline: Reset, modifier: NONE,
        x: 25, y: 14, fg: Reset, bg: Gray, underline: Reset, modifier: NONE,
        x: 27, y: 14, fg: Black, bg: White, underline: Reset, modifier: NONE,
        x: 93, y: 14, fg: Reset, bg: Gray, underline: Reset, modifier: NONE,
        x: 95, y: 14, fg: Black, bg: Gray, underline: Reset, modifier: NONE,
        x: 96, y: 14, fg: Reset, bg: Reset, underline: Reset, modifier: NONE,
        x: 24, y: 15, fg: Black, bg: Gray, underline: Reset, modifier: NONE,
        x: 25, y: 15, fg: Reset, bg: Gray, underline: Reset, modifier: NONE,
        x: 27, y: 15, fg: Black, bg: White, underline: Reset, modifier: NONE,
        x: 93, y: 15, fg: Reset, bg: Gray, underline: Reset, modifier: NONE,
        x: 95, y: 15, fg: Black, bg: Gray, underline: Reset, modifier: NONE,
        x: 96, y: 15, fg: Reset, bg: Reset, underline: Reset, modifier: NONE,
        x: 24, y: 16, fg: Black, bg: Gray, underline: Reset, modifier: NONE,
        x: 25, y: 16, fg: Reset, bg: Gray, underline: Reset, modifier: NONE,
        x: 27, y: 16, fg: Black, bg: White, underline: Reset, modifier: NONE,
        x: 93, y: 16, fg: Reset, bg: Gray, underline: Reset, modifier: NONE,
        x: 95, y: 16, fg: Black, bg: Gray, underline: Reset, modifier: NONE,
        x: 96, y: 16, fg: Reset, bg: Reset, underline: Reset, modifier: NONE,
        x: 24, y: 17, fg: Black, bg: Gray, underline: Reset, modifier: NONE,
        x: 25, y: 17, fg: Reset, bg: Gray, underline: Reset, modifier: NONE,
        x: 27, y: 17, fg: Black, bg: White, underline: Reset, modifier: NONE,
        x: 93, y: 17, fg: Reset, bg: Gray, underline: Reset, modifier: NONE,
        x: 95, y: 17, fg: Black, bg: Gray, underline: Reset, modifier: NONE,
        x: 96, y: 17, fg: Reset, bg: Reset, underline: Reset, modifier: NONE,
        x: 24, y: 18, fg: Black, bg: Gray, underline: Reset, modifier: NONE,
        x: 25, y: 18, fg: Reset, bg: Gray, underline: Reset, modifier: NONE,
        x: 27, y: 18, fg: Black, bg: White, underline: Reset, modifier: NONE,
        x: 93, y: 18, fg: Reset, bg: Gray, underline: Reset, modifier: NONE,
        x: 95, y: 18, fg: Black, bg: Gray, underline: Reset, modifier: NONE,
        x: 96, y: 18, fg: Reset, bg: Reset, underline: Reset, modifier: NONE,
        x: 24, y: 19, fg: Black, bg: Gray, underline: Reset, modifier: NONE,
        x: 25, y: 19, fg: Reset, bg: Gray, underline: Reset, modifier: NONE,
        x: 27, y: 19, fg: Black, bg: White, underline: Reset, modifier: NONE,
        x: 34, y: 19, fg: Black, bg: Cyan, underline: Reset, modifier: BOLD | UNDERLINED,
        x: 35, y: 19, fg: Black, bg: White, underline: Reset, modifier: NONE,
        x: 93, y: 19, fg: Reset, bg: Gray, underline: Reset, modifier: NONE,
        x: 95, y: 19, fg: Black, bg: Gray, underline: Reset, modifier: NONE,
        x: 96, y: 19, fg: Reset, bg: Reset, underline: Reset, modifier: NONE,
        x: 24, y: 20, fg: Black, bg: Gray, underline: Reset, modifier: NONE,
        x: 25, y: 20, fg: Reset, bg: Gray, underline: Reset, modifier: NONE,
        x: 27, y: 20, fg: Black, bg: White, underline: Reset, modifier: NONE,
        x: 93, y: 20, fg: Reset, bg: Gray, underline: Reset, modifier: NONE,
        x: 95, y: 20, fg: Black, bg: Gray, underline: Reset, modifier: NONE,
        x: 96, y: 20, fg: Reset, bg: Reset, underline: Reset, modifier: NONE,
        x: 24, y: 21, fg: Black, bg: Gray, underline: Reset, modifier: NONE,
        x: 25, y: 21, fg: Reset, bg: Gray, underline: Reset, modifier: NONE,
        x: 27, y: 21, fg: Black, bg: White, underline: Reset, modifier: NONE,
        x: 93, y: 21, fg: Reset, bg: Gray, underline: Reset, modifier: NONE,
        x: 95, y: 21, fg: Black, bg: Gray, underline: Reset, modifier: NONE,
        x: 96, y: 21, fg: Reset, bg: Reset, underline: Reset, modifier: NONE,
        x: 24, y: 22, fg: Black, bg: Gray, underline: Reset, modifier: NONE,
        x: 25, y: 22, fg: Reset, bg: Gray, underline: Reset, modifier: NONE,
        x: 27, y: 22, fg: Black, bg: White, underline: Reset, modifier: NONE,
        x: 93, y: 22, fg: Reset, bg: Gray, underline: Reset, modifier: NONE,
        x: 95, y: 22, fg: Black, bg: Gray, underline: Reset, modifier: NONE,
        x: 96, y: 22, fg: Reset, bg: Reset, underline: Reset, modifier: NONE,
        x: 24, y: 23, fg: Black, bg: Gray, underline: Reset, modifier: NONE,
        x: 25, y: 23, fg: Reset, bg: Gray, underline: Reset, modifier: NONE,
        x: 27, y: 23, fg: Black, bg: White, underline: Reset, modifier: NONE,
        x: 93, y: 23, fg: Reset, bg: Gray, underline: Reset, modifier: NONE,
        x: 95, y: 23, fg: Black, bg: Gray, underline: Reset, modifier: NONE,
        x: 96, y: 23, fg: Reset, bg: Reset, underline: Reset, modifier: NONE,
        x: 24, y: 24, fg: Black, bg: Gray, underline: Reset, modifier: NONE,
        x: 25, y: 24, fg: Reset, bg: Gray, underline: Reset, modifier: NONE,
        x: 27, y: 24, fg: Black, bg: White, underline: Reset, modifier: NONE,
        x: 93, y: 24, fg: Reset, bg: Gray, underline: Reset, modifier: NONE,
        x: 95, y: 24, fg: Black, bg: Gray, underline: Reset, modifier: NONE,
        x: 96, y: 24, fg: Reset, bg: Reset, underline: Reset, modifier: NONE,
        x: 24, y: 25, fg: Black, bg: Gray, underline: Reset, modifier: NONE,
        x: 25, y: 25, fg: Reset, bg: Gray, underline: Reset, modifier: NONE,
        x: 27, y: 25, fg: Black, bg: White, underline: Reset, modifier: NONE,
        x: 93, y: 25, fg: Reset, bg: Gray, underline: Reset, modifier: NONE,
        x: 95, y: 25, fg: Black, bg: Gray, underline: Reset, modifier: NONE,
        x: 96, y: 25, fg: Reset, bg: Reset, underline: Reset, modifier: NONE,
        x: 24, y: 26, fg: Black, bg: Gray, underline: Reset, modifier: NONE,
        x: 25, y: 26, fg: Reset, bg: Gray, underline: Reset, modifier: NONE,
        x: 27, y: 26, fg: Black, bg: White, underline: Reset, modifier: NONE,
        x: 93, y: 26, fg: Reset, bg: Gray, underline: Reset, modifier: NONE,
        x: 95, y: 26, fg: Black, bg: Gray, underline: Reset, modifier: NONE,
        x: 96, y: 26, fg: Reset, bg: Reset, underline: Reset, modifier: NONE,
        x: 24, y: 27, fg: Black, bg: Gray, underline: Reset, modifier: NONE,
        x: 25, y: 27, fg: Reset, bg: Gray, underline: Reset, modifier: NONE,
        x: 27, y: 27, fg: Black, bg: White, underline: Reset, modifier: NONE,
        x: 93, y: 27, fg: Reset, bg: Gray, underline: Reset, modifier: NONE,
        x: 95, y: 27, fg: Black, bg: Gray, underline: Reset, modifier: NONE,
        x: 96, y: 27, fg: Reset, bg: Reset, underline: Reset, modifier: NONE,
        x: 24, y: 28, fg: Black, bg: Gray, underline: Reset, modifier: NONE,
        x: 25, y: 28, fg: Reset, bg: Gray, underline: Reset, modifier: NONE,
        x: 27, y: 28, fg: Black, bg: White, underline: Reset, modifier: NONE,
        x: 93, y: 28, fg: Reset, bg: Gray, underline: Reset, modifier: NONE,
        x: 95, y: 28, fg: Black, bg: Gray, underline: Reset, modifier: NONE,
        x: 96, y: 28, fg: Reset, bg: Reset, underline: Reset, modifier: NONE,
        x: 24, y: 29, fg: Black, bg: Gray, underline: Reset, modifier: NONE,
        x: 25, y: 29, fg: Reset, bg: Gray, underline: Reset, modifier: NONE,
        x: 27, y: 29, fg: Black, bg: White, underline: Reset, modifier: NONE,
        x: 93, y: 29, fg: Reset, bg: Gray, underline: Reset, modifier: NONE,
        x: 95, y: 29, fg: Black, bg: Gray, underline: Reset, modifier: NONE,
        x: 96, y: 29, fg: Reset, bg: Reset, underline: Reset, modifier: NONE,
        x: 24, y: 30, fg: Black, bg: Gray, underline: Reset, modifier: NONE,
        x: 25, y: 30, fg: Reset, bg: Gray, underline: Reset, modifier: NONE,
        x: 27, y: 30, fg: Black, bg: White, underline: Reset, modifier: NONE,
        x: 93, y: 30, fg: Reset, bg: Gray, underline: Reset, modifier: NONE,
        x: 95, y: 30, fg: Black, bg: Gray, underline: Reset, modifier: NONE,
        x: 96, y: 30, fg: Reset, bg: Reset, underline: Reset, modifier: NONE,
        x: 24, y: 31, fg: Black, bg: Gray, underline: Reset, modifier: NONE,
        x: 25, y: 31, fg: Reset, bg: Gray, underline: Reset, modifier: NONE,
        x: 27, y: 31, fg: Black, bg: White, underline: Reset, modifier: NONE,
        x: 93, y: 31, fg: Reset, bg: Gray, underline: Reset, modifier: NONE,
        x: 95, y: 31, fg: Black, bg: Gray, underline: Reset, modifier: NONE,
        x: 96, y: 31, fg: Reset, bg: Reset, underline: Reset, modifier: NONE,
        x: 24, y: 32, fg: Black, bg: Gray, underline: Reset, modifier: NONE,
        x: 25, y: 32, fg: Reset, bg: Gray, underline: Reset, modifier: NONE,
        x: 27, y: 32, fg: DarkGray, bg: Gray, underline: Reset, modifier: NONE,
        x: 93, y: 32, fg: Reset, bg: Gray, underline: Reset, modifier: NONE,
        x: 95, y: 32, fg: Black, bg: Gray, underline: Reset, modifier: NONE,
        x: 96, y: 32, fg: Reset, bg: Reset, underline: Reset, modifier: NONE,
        x: 24, y: 33, fg: Black, bg: Gray, underline: Reset, modifier: NONE,
        x: 96, y: 33, fg: Reset, bg: Reset, underline: Reset, modifier: NONE,
    ]
}
