---
source: rwf-bin/src/ui/dialog/snapshot_tests/mod.rs
expression: "render_dialog_to_string(dialog, state, width, height)"
---
Buffer {
    area: Rect { x: 0, y: 0, width: 120, height: 40 },
    content: [
        "                                                                                                                        ",
        "                                                                                                                        ",
        "                                                                                                                        ",
        "                                                                                                                        ",
        "                                                                                                                        ",
        "                                                                                                                        ",
        "                                                                                                                        ",
        "                                                                                                                        ",
        "                                                                                                                        ",
        "                                                                                                                        ",
        "                                                                                                                        ",
        "                                                                                                                        ",
        "                                                                                                                        ",
        "                                                                                                                        ",
        "            ┌Permission Denied─────────────────────────────────────────────────────────────────────────────┐            ",
        "            │                                                                                              │            ",
        "            │  Tab 5, right pane — while refreshing the pane                                               │            ",
        "            │                                                                                              │            ",
        "            │  \\fileserver.corp.example.com\departments\engineering\projec…f\diagnostics\bundles\archive  │            ",
        "            │  Access is denied. (os error 5)                                                              │            ",
        "            │                                                                                              │            ",
        "            │  This account is not allowed to open it.                                                     │            ",
        "            │                                                                                              │            ",
        "            │                                     [Retry]  [*Dismiss*]                                     │            ",
        "            │                                                                                              │            ",
        "            └──────────────────────────────────────────────────────────────────────────────────────────────┘            ",
        "                                                                                                                        ",
        "                                                                                                                        ",
        "                                                                                                                        ",
        "                                                                                                                        ",
        "                                                                                                                        ",
        "                                                                                                                        ",
        "                                                                                                                        ",
        "                                                                                                                        ",
        "                                                                                                                        ",
        "                                                                                                                        ",
        "                                                                                                                        ",
        "                                                                                                                        ",
        "                                                                                                                        ",
        "                                                                                                                        ",
    ],
    styles: [
        x: 0, y: 0, fg: Reset, bg: Reset, underline: Reset, modifier: NONE,
        x: 12, y: 14, fg: Black, bg: Gray, underline: Reset, modifier: NONE,
        x: 13, y: 14, fg: Black, bg: Gray, underline: Reset, modifier: BOLD,
        x: 30, y: 14, fg: Black, bg: Gray, underline: Reset, modifier: NONE,
        x: 108, y: 14, fg: Reset, bg: Reset, underline: Reset, modifier: NONE,
        x: 12, y: 15, fg: Black, bg: Gray, underline: Reset, modifier: NONE,
        x: 13, y: 15, fg: Reset, bg: Gray, underline: Reset, modifier: NONE,
        x: 107, y: 15, fg: Black, bg: Gray, underline: Reset, modifier: NONE,
        x: 108, y: 15, fg: Reset, bg: Reset, underline: Reset, modifier: NONE,
        x: 12, y: 16, fg: Black, bg: Gray, underline: Reset, modifier: NONE,
        x: 13, y: 16, fg: Reset, bg: Gray, underline: Reset, modifier: NONE,
        x: 15, y: 16, fg: Black, bg: Gray, underline: Reset, modifier: NONE,
        x: 105, y: 16, fg: Reset, bg: Gray, underline: Reset, modifier: NONE,
        x: 107, y: 16, fg: Black, bg: Gray, underline: Reset, modifier: NONE,
        x: 108, y: 16, fg: Reset, bg: Reset, underline: Reset, modifier: NONE,
        x: 12, y: 17, fg: Black, bg: Gray, underline: Reset, modifier: NONE,
        x: 13, y: 17, fg: Reset, bg: Gray, underline: Reset, modifier: NONE,
        x: 107, y: 17, fg: Black, bg: Gray, underline: Reset, modifier: NONE,
        x: 108, y: 17, fg: Reset, bg: Reset, underline: Reset, modifier: NONE,
        x: 12, y: 18, fg: Black, bg: Gray, underline: Reset, modifier: NONE,
        x: 13, y: 18, fg: Reset, bg: Gray, underline: Reset, modifier: NONE,
        x: 15, y: 18, fg: Black, bg: Gray, underline: Reset, modifier: BOLD,
        x: 105, y: 18, fg: Reset, bg: Gray, underline: Reset, modifier: NONE,
        x: 107, y: 18, fg: Black, bg: Gray, underline: Reset, modifier: NONE,
        x: 108, y: 18, fg: Reset, bg: Reset, underline: Reset, modifier: NONE,
        x: 12, y: 19, fg: Black, bg: Gray, underline: Reset, modifier: NONE,
        x: 13, y: 19, fg: Reset, bg: Gray, underline: Reset, modifier: NONE,
        x: 15, y: 19, fg: Black, bg: Gray, underline: Reset, modifier: NONE,
        x: 105, y: 19, fg: Reset, bg: Gray, underline: Reset, modifier: NONE,
        x: 107, y: 19, fg: Black, bg: Gray, underline: Reset, modifier: NONE,
        x: 108, y: 19, fg: Reset, bg: Reset, underline: Reset, modifier: NONE,
        x: 12, y: 20, fg: Black, bg: Gray, underline: Reset, modifier: NONE,
        x: 13, y: 20, fg: Reset, bg: Gray, underline: Reset, modifier: NONE,
        x: 107, y: 20, fg: Black, bg: Gray, underline: Reset, modifier: NONE,
        x: 108, y: 20, fg: Reset, bg: Reset, underline: Reset, modifier: NONE,
        x: 12, y: 21, fg: Black, bg: Gray, underline: Reset, modifier: NONE,
        x: 13, y: 21, fg: Reset, bg: Gray, underline: Reset, modifier: NONE,
        x: 15, y: 21, fg: DarkGray, bg: Gray, underline: Reset, modifier: NONE,
        x: 105, y: 21, fg: Reset, bg: Gray, underline: Reset, modifier: NONE,
        x: 107, y: 21, fg: Black, bg: Gray, underline: Reset, modifier: NONE,
        x: 108, y: 21, fg: Reset, bg: Reset, underline: Reset, modifier: NONE,
        x: 12, y: 22, fg: Black, bg: Gray, underline: Reset, modifier: NONE,
        x: 13, y: 22, fg: Reset, bg: Gray, underline: Reset, modifier: NONE,
        x: 107, y: 22, fg: Black, bg: Gray, underline: Reset, modifier: NONE,
        x: 108, y: 22, fg: Reset, bg: Reset, underline: Reset, modifier: NONE,
        x: 12, y: 23, fg: Black, bg: Gray, underline: Reset, modifier: NONE,
        x: 13, y: 23, fg: Reset, bg: Gray, underline: Reset, modifier: NONE,
        x: 50, y: 23, fg: Black, bg: Gray, underline: Reset, modifier: NONE,
        x: 57, y: 23, fg: Reset, bg: Gray, underline: Reset, modifier: NONE,
        x: 59, y: 23, fg: Black, bg: White, underline: Reset, modifier: NONE,
        x: 70, y: 23, fg: Reset, bg: Gray, underline: Reset, modifier: NONE,
        x: 107, y: 23, fg: Black, bg: Gray, underline: Reset, modifier: NONE,
        x: 108, y: 23, fg: Reset, bg: Reset, underline: Reset, modifier: NONE,
        x: 12, y: 24, fg: Black, bg: Gray, underline: Reset, modifier: NONE,
        x: 13, y: 24, fg: Reset, bg: Gray, underline: Reset, modifier: NONE,
        x: 107, y: 24, fg: Black, bg: Gray, underline: Reset, modifier: NONE,
        x: 108, y: 24, fg: Reset, bg: Reset, underline: Reset, modifier: NONE,
        x: 12, y: 25, fg: Black, bg: Gray, underline: Reset, modifier: NONE,
        x: 108, y: 25, fg: Reset, bg: Reset, underline: Reset, modifier: NONE,
    ]
}
