---
source: rwf-bin/src/ui/dialog/snapshot_tests/mod.rs
expression: "render_dialog_to_string(dialog, state, width, height)"
---
Buffer {
    area: Rect { x: 0, y: 0, width: 120, height: 40 },
    content: [
        "                                                                                                                        ",
        "                                                                                                                        ",
        "                                                                                                                        ",
        "                                                                                                                        ",
        "                                                                                                                        ",
        "                                                                                                                        ",
        "                                                                                                                        ",
        "                                                                                                                        ",
        "                                                                                                                        ",
        "                                                                                                                        ",
        "                                                                                                                        ",
        "                                                                                                                        ",
        "                                                                                                                        ",
        "                                                                                                                        ",
        "                                                                                                                        ",
        "                                                                                                                        ",
        "                        ┌Rename────────────────────────────────────────────────────────────────┐                        ",
        "                        │  New name:                                                           │                        ",
        "                        │  oldname.txt█                                                        │                        ",
        "                        │  (Enter to confirm, Esc to cancel)                                   │                        ",
        "                        │                                                                      │                        ",
        "                        │                           [*OK*]  [Cancel]                           │                        ",
        "                        └──────────────────────────────────────────────────────────────────────┘                        ",
        "                                                                                                                        ",
        "                                                                                                                        ",
        "                                                                                                                        ",
        "                                                                                                                        ",
        "                                                                                                                        ",
        "                                                                                                                        ",
        "                                                                                                                        ",
        "                                                                                                                        ",
        "                                                                                                                        ",
        "                                                                                                                        ",
        "                                                                                                                        ",
        "                                                                                                                        ",
        "                                                                                                                        ",
        "                                                                                                                        ",
        "                                                                                                                        ",
        "                                                                                                                        ",
        "                                                                                                                        ",
    ],
    styles: [
        x: 0, y: 0, fg: Reset, bg: Reset, underline: Reset, modifier: NONE,
        x: 24, y: 16, fg: Black, bg: Gray, underline: Reset, modifier: NONE,
        x: 25, y: 16, fg: Black, bg: Gray, underline: Reset, modifier: BOLD,
        x: 31, y: 16, fg: Black, bg: Gray, underline: Reset, modifier: NONE,
        x: 96, y: 16, fg: Reset, bg: Reset, underline: Reset, modifier: NONE,
        x: 24, y: 17, fg: Black, bg: Gray, underline: Reset, modifier: NONE,
        x: 25, y: 17, fg: Reset, bg: Gray, underline: Reset, modifier: NONE,
        x: 27, y: 17, fg: Black, bg: Gray, underline: Reset, modifier: NONE,
        x: 93, y: 17, fg: Reset, bg: Gray, underline: Reset, modifier: NONE,
        x: 95, y: 17, fg: Black, bg: Gray, underline: Reset, modifier: NONE,
        x: 96, y: 17, fg: Reset, bg: Reset, underline: Reset, modifier: NONE,
        x: 24, y: 18, fg: Black, bg: Gray, underline: Reset, modifier: NONE,
        x: 25, y: 18, fg: Reset, bg: Gray, underline: Reset, modifier: NONE,
        x: 27, y: 18, fg: Black, bg: White, underline: Reset, modifier: NONE,
        x: 38, y: 18, fg: Black, bg: Cyan, underline: Reset, modifier: BOLD,
        x: 39, y: 18, fg: Black, bg: White, underline: Reset, modifier: NONE,
        x: 93, y: 18, fg: Reset, bg: Gray, underline: Reset, modifier: NONE,
        x: 95, y: 18, fg: Black, bg: Gray, underline: Reset, modifier: NONE,
        x: 96, y: 18, fg: Reset, bg: Reset, underline: Reset, modifier: NONE,
        x: 24, y: 19, fg: Black, bg: Gray, underline: Reset, modifier: NONE,
        x: 25, y: 19, fg: Reset, bg: Gray, underline: Reset, modifier: NONE,
        x: 27, y: 19, fg: DarkGray, bg: Gray, underline: Reset, modifier: NONE,
        x: 93, y: 19, fg: Reset, bg: Gray, underline: Reset, modifier: NONE,
        x: 95, y: 19, fg: Black, bg: Gray, underline: Reset, modifier: NONE,
        x: 96, y: 19, fg: Reset, bg: Reset, underline: Reset, modifier: NONE,
        x: 24, y: 20, fg: Black, bg: Gray, underline: Reset, modifier: NONE,
        x: 25, y: 20, fg: Reset, bg: Gray, underline: Reset, modifier: NONE,
        x: 95, y: 20, fg: Black, bg: Gray, underline: Reset, modifier: NONE,
        x: 96, y: 20, fg: Reset, bg: Reset, underline: Reset, modifier: NONE,
        x: 24, y: 21, fg: Black, bg: Gray, underline: Reset, modifier: NONE,
        x: 96, y: 21, fg: Reset, bg: Reset, underline: Reset, modifier: NONE,
        x: 24, y: 22, fg: Black, bg: Gray, underline: Reset, modifier: NONE,
        x: 96, y: 22, fg: Reset, bg: Reset, underline: Reset, modifier: NONE,
    ]
}
