---
source: rwf-bin/src/ui/dialog/snapshot_tests/mod.rs
expression: "render_dialog_to_string(dialog, state, width, height)"
---
Buffer {
    area: Rect { x: 0, y: 0, width: 80, height: 24 },
    content: [
        "                                                                                ",
        "                                                                                ",
        "    ┌File Information──────────────────────────────────────────────────────┐    ",
        "    │  Name     notes_ja.txt                                               │    ",
        "    │  Path     /test/documents/notes_ja.txt                               │    ",
        "    │  Size     2.0 KB (2048 bytes)                                        │    ",
        "    │  Type     File                                                       │    ",
        "    │                                                                      │    ",
        "    │  Created  N/A                                                        │    ",
        "    │  Modified [TIMESTAMP]                                        │    ",
        "    │  Accessed N/A                                                        │    ",
        "    │                                                                      │    ",
        "    │  Detected type: Unknown / plain text                                 │    ",
        "    │  (showing first 21 of 2048 bytes)                                    │    ",
        "    │  こんにちは世界                                                      │    ", // hidden by multi-width symbols: [(8, " "), (10, " "), (12, " "), (14, " "), (16, " "), (18, " "), (20, " ")]
        "    │                                                                      │    ",
        "    │                                                                      │    ",
        "    │                                                                      │    ",
        "    │                                                                      │    ",
        "    │  Enter/Esc: close  t: toggle hex/text                                │    ",
        "    └──────────────────────────────────────────────────────────────────────┘    ",
        "                                                                                ",
        "                                                                                ",
        "                                                                                ",
    ],
    styles: [
        x: 0, y: 0, fg: Reset, bg: Reset, underline: Reset, modifier: NONE,
        x: 4, y: 2, fg: Black, bg: Gray, underline: Reset, modifier: NONE,
        x: 5, y: 2, fg: Black, bg: Gray, underline: Reset, modifier: BOLD,
        x: 21, y: 2, fg: Black, bg: Gray, underline: Reset, modifier: NONE,
        x: 76, y: 2, fg: Reset, bg: Reset, underline: Reset, modifier: NONE,
        x: 4, y: 3, fg: Black, bg: Gray, underline: Reset, modifier: NONE,
        x: 5, y: 3, fg: Reset, bg: Gray, underline: Reset, modifier: NONE,
        x: 7, y: 3, fg: DarkGray, bg: Gray, underline: Reset, modifier: NONE,
        x: 16, y: 3, fg: Black, bg: Gray, underline: Reset, modifier: NONE,
        x: 73, y: 3, fg: Reset, bg: Gray, underline: Reset, modifier: NONE,
        x: 75, y: 3, fg: Black, bg: Gray, underline: Reset, modifier: NONE,
        x: 76, y: 3, fg: Reset, bg: Reset, underline: Reset, modifier: NONE,
        x: 4, y: 4, fg: Black, bg: Gray, underline: Reset, modifier: NONE,
        x: 5, y: 4, fg: Reset, bg: Gray, underline: Reset, modifier: NONE,
        x: 7, y: 4, fg: DarkGray, bg: Gray, underline: Reset, modifier: NONE,
        x: 16, y: 4, fg: Black, bg: Gray, underline: Reset, modifier: NONE,
        x: 73, y: 4, fg: Reset, bg: Gray, underline: Reset, modifier: NONE,
        x: 75, y: 4, fg: Black, bg: Gray, underline: Reset, modifier: NONE,
        x: 76, y: 4, fg: Reset, bg: Reset, underline: Reset, modifier: NONE,
        x: 4, y: 5, fg: Black, bg: Gray, underline: Reset, modifier: NONE,
        x: 5, y: 5, fg: Reset, bg: Gray, underline: Reset, modifier: NONE,
        x: 7, y: 5, fg: DarkGray, bg: Gray, underline: Reset, modifier: NONE,
        x: 16, y: 5, fg: Black, bg: Gray, underline: Reset, modifier: NONE,
        x: 73, y: 5, fg: Reset, bg: Gray, underline: Reset, modifier: NONE,
        x: 75, y: 5, fg: Black, bg: Gray, underline: Reset, modifier: NONE,
        x: 76, y: 5, fg: Reset, bg: Reset, underline: Reset, modifier: NONE,
        x: 4, y: 6, fg: Black, bg: Gray, underline: Reset, modifier: NONE,
        x: 5, y: 6, fg: Reset, bg: Gray, underline: Reset, modifier: NONE,
        x: 7, y: 6, fg: DarkGray, bg: Gray, underline: Reset, modifier: NONE,
        x: 16, y: 6, fg: Black, bg: Gray, underline: Reset, modifier: NONE,
        x: 73, y: 6, fg: Reset, bg: Gray, underline: Reset, modifier: NONE,
        x: 75, y: 6, fg: Black, bg: Gray, underline: Reset, modifier: NONE,
        x: 76, y: 6, fg: Reset, bg: Reset, underline: Reset, modifier: NONE,
        x: 4, y: 7, fg: Black, bg: Gray, underline: Reset, modifier: NONE,
        x: 5, y: 7, fg: Reset, bg: Gray, underline: Reset, modifier: NONE,
        x: 75, y: 7, fg: Black, bg: Gray, underline: Reset, modifier: NONE,
        x: 76, y: 7, fg: Reset, bg: Reset, underline: Reset, modifier: NONE,
        x: 4, y: 8, fg: Black, bg: Gray, underline: Reset, modifier: NONE,
        x: 5, y: 8, fg: Reset, bg: Gray, underline: Reset, modifier: NONE,
        x: 7, y: 8, fg: DarkGray, bg: Gray, underline: Reset, modifier: NONE,
        x: 16, y: 8, fg: Black, bg: Gray, underline: Reset, modifier: NONE,
        x: 73, y: 8, fg: Reset, bg: Gray, underline: Reset, modifier: NONE,
        x: 75, y: 8, fg: Black, bg: Gray, underline: Reset, modifier: NONE,
        x: 76, y: 8, fg: Reset, bg: Reset, underline: Reset, modifier: NONE,
        x: 4, y: 9, fg: Black, bg: Gray, underline: Reset, modifier: NONE,
        x: 5, y: 9, fg: Reset, bg: Gray, underline: Reset, modifier: NONE,
        x: 7, y: 9, fg: DarkGray, bg: Gray, underline: Reset, modifier: NONE,
        x: 16, y: 9, fg: Black, bg: Gray, underline: Reset, modifier: NONE,
        x: 73, y: 9, fg: Reset, bg: Gray, underline: Reset, modifier: NONE,
        x: 75, y: 9, fg: Black, bg: Gray, underline: Reset, modifier: NONE,
        x: 76, y: 9, fg: Reset, bg: Reset, underline: Reset, modifier: NONE,
        x: 4, y: 10, fg: Black, bg: Gray, underline: Reset, modifier: NONE,
        x: 5, y: 10, fg: Reset, bg: Gray, underline: Reset, modifier: NONE,
        x: 7, y: 10, fg: DarkGray, bg: Gray, underline: Reset, modifier: NONE,
        x: 16, y: 10, fg: Black, bg: Gray, underline: Reset, modifier: NONE,
        x: 73, y: 10, fg: Reset, bg: Gray, underline: Reset, modifier: NONE,
        x: 75, y: 10, fg: Black, bg: Gray, underline: Reset, modifier: NONE,
        x: 76, y: 10, fg: Reset, bg: Reset, underline: Reset, modifier: NONE,
        x: 4, y: 11, fg: Black, bg: Gray, underline: Reset, modifier: NONE,
        x: 5, y: 11, fg: Reset, bg: Gray, underline: Reset, modifier: NONE,
        x: 75, y: 11, fg: Black, bg: Gray, underline: Reset, modifier: NONE,
        x: 76, y: 11, fg: Reset, bg: Reset, underline: Reset, modifier: NONE,
        x: 4, y: 12, fg: Black, bg: Gray, underline: Reset, modifier: NONE,
        x: 5, y: 12, fg: Reset, bg: Gray, underline: Reset, modifier: NONE,
        x: 7, y: 12, fg: Black, bg: Gray, underline: Reset, modifier: NONE,
        x: 73, y: 12, fg: Reset, bg: Gray, underline: Reset, modifier: NONE,
        x: 75, y: 12, fg: Black, bg: Gray, underline: Reset, modifier: NONE,
        x: 76, y: 12, fg: Reset, bg: Reset, underline: Reset, modifier: NONE,
        x: 4, y: 13, fg: Black, bg: Gray, underline: Reset, modifier: NONE,
        x: 5, y: 13, fg: Reset, bg: Gray, underline: Reset, modifier: NONE,
        x: 7, y: 13, fg: DarkGray, bg: Gray, underline: Reset, modifier: NONE,
        x: 73, y: 13, fg: Reset, bg: Gray, underline: Reset, modifier: NONE,
        x: 75, y: 13, fg: Black, bg: Gray, underline: Reset, modifier: NONE,
        x: 76, y: 13, fg: Reset, bg: Reset, underline: Reset, modifier: NONE,
        x: 4, y: 14, fg: Black, bg: Gray, underline: Reset, modifier: NONE,
        x: 5, y: 14, fg: Reset, bg: Gray, underline: Reset, modifier: NONE,
        x: 7, y: 14, fg: Black, bg: Gray, underline: Reset, modifier: NONE,
        x: 8, y: 14, fg: Reset, bg: Reset, underline: Reset, modifier: NONE,
        x: 9, y: 14, fg: Black, bg: Gray, underline: Reset, modifier: NONE,
        x: 10, y: 14, fg: Reset, bg: Reset, underline: Reset, modifier: NONE,
        x: 11, y: 14, fg: Black, bg: Gray, underline: Reset, modifier: NONE,
        x: 12, y: 14, fg: Reset, bg: Reset, underline: Reset, modifier: NONE,
        x: 13, y: 14, fg: Black, bg: Gray, underline: Reset, modifier: NONE,
        x: 14, y: 14, fg: Reset, bg: Reset, underline: Reset, modifier: NONE,
        x: 15, y: 14, fg: Black, bg: Gray, underline: Reset, modifier: NONE,
        x: 16, y: 14, fg: Reset, bg: Reset, underline: Reset, modifier: NONE,
        x: 17, y: 14, fg: Black, bg: Gray, underline: Reset, modifier: NONE,
        x: 18, y: 14, fg: Reset, bg: Reset, underline: Reset, modifier: NONE,
        x: 19, y: 14, fg: Black, bg: Gray, underline: Reset, modifier: NONE,
        x: 20, y: 14, fg: Reset, bg: Reset, underline: Reset, modifier: NONE,
        x: 21, y: 14, fg: Black, bg: Gray, underline: Reset, modifier: NONE,
        x: 73, y: 14, fg: Reset, bg: Gray, underline: Reset, modifier: NONE,
        x: 75, y: 14, fg: Black, bg: Gray, underline: Reset, modifier: NONE,
        x: 76, y: 14, fg: Reset, bg: Reset, underline: Reset, modifier: NONE,
        x: 4, y: 15, fg: Black, bg: Gray, underline: Reset, modifier: NONE,
        x: 5, y: 15, fg: Reset, bg: Gray, underline: Reset, modifier: NONE,
        x: 75, y: 15, fg: Black, bg: Gray, underline: Reset, modifier: NONE,
        x: 76, y: 15, fg: Reset, bg: Reset, underline: Reset, modifier: NONE,
        x: 4, y: 16, fg: Black, bg: Gray, underline: Reset, modifier: NONE,
        x: 5, y: 16, fg: Reset, bg: Gray, underline: Reset, modifier: NONE,
        x: 75, y: 16, fg: Black, bg: Gray, underline: Reset, modifier: NONE,
        x: 76, y: 16, fg: Reset, bg: Reset, underline: Reset, modifier: NONE,
        x: 4, y: 17, fg: Black, bg: Gray, underline: Reset, modifier: NONE,
        x: 5, y: 17, fg: Reset, bg: Gray, underline: Reset, modifier: NONE,
        x: 75, y: 17, fg: Black, bg: Gray, underline: Reset, modifier: NONE,
        x: 76, y: 17, fg: Reset, bg: Reset, underline: Reset, modifier: NONE,
        x: 4, y: 18, fg: Black, bg: Gray, underline: Reset, modifier: NONE,
        x: 5, y: 18, fg: Reset, bg: Gray, underline: Reset, modifier: NONE,
        x: 75, y: 18, fg: Black, bg: Gray, underline: Reset, modifier: NONE,
        x: 76, y: 18, fg: Reset, bg: Reset, underline: Reset, modifier: NONE,
        x: 4, y: 19, fg: Black, bg: Gray, underline: Reset, modifier: NONE,
        x: 5, y: 19, fg: Reset, bg: Gray, underline: Reset, modifier: NONE,
        x: 7, y: 19, fg: DarkGray, bg: Gray, underline: Reset, modifier: NONE,
        x: 73, y: 19, fg: Reset, bg: Gray, underline: Reset, modifier: NONE,
        x: 75, y: 19, fg: Black, bg: Gray, underline: Reset, modifier: NONE,
        x: 76, y: 19, fg: Reset, bg: Reset, underline: Reset, modifier: NONE,
        x: 4, y: 20, fg: Black, bg: Gray, underline: Reset, modifier: NONE,
        x: 76, y: 20, fg: Reset, bg: Reset, underline: Reset, modifier: NONE,
    ]
}
