---
source: rwf-bin/src/ui/dialog/snapshot_tests/mod.rs
expression: "render_dialog_to_string(dialog, state, width, height)"
---
Buffer {
    area: Rect { x: 0, y: 0, width: 120, height: 40 },
    content: [
        "                                                                                                                        ",
        "                                                                                                                        ",
        "                                                                                                                        ",
        "                                                                                                                        ",
        "                                                                                                                        ",
        "                                                                                                                        ",
        "                                                                                                                        ",
        "                                                                                                                        ",
        "                                                                                                                        ",
        "                                                                                                                        ",
        "                                                                                                                        ",
        "                                                                                                                        ",
        "                                                                                                                        ",
        "                                                                                                                        ",
        "                                          ┌Context Menu─────────────────────┐                                           ",
        "                                          │   View                          │                                           ",
        "                                          │   Open With... (detecting...)   │                                           ",
        "                                          │   ───────────────────────────   │                                           ",
        "                                          │   Copy                          │                                           ",
        "                                          │   Move                          │                                           ",
        "                                          │   Rename                        │                                           ",
        "                                          │   ───────────────────────────   │                                           ",
        "                                          │   Delete                        │                                           ",
        "                                          │  [Enter] Select  [Esc] Cancel   │                                           ",
        "                                          └─────────────────────────────────┘                                           ",
        "                                                                                                                        ",
        "                                                                                                                        ",
        "                                                                                                                        ",
        "                                                                                                                        ",
        "                                                                                                                        ",
        "                                                                                                                        ",
        "                                                                                                                        ",
        "                                                                                                                        ",
        "                                                                                                                        ",
        "                                                                                                                        ",
        "                                                                                                                        ",
        "                                                                                                                        ",
        "                                                                                                                        ",
        "                                                                                                                        ",
        "                                                                                                                        ",
    ],
    styles: [
        x: 0, y: 0, fg: Reset, bg: Reset, underline: Reset, modifier: NONE,
        x: 42, y: 14, fg: Black, bg: Gray, underline: Reset, modifier: NONE,
        x: 43, y: 14, fg: Black, bg: Gray, underline: Reset, modifier: BOLD,
        x: 55, y: 14, fg: Black, bg: Gray, underline: Reset, modifier: NONE,
        x: 77, y: 14, fg: Reset, bg: Reset, underline: Reset, modifier: NONE,
        x: 42, y: 15, fg: Black, bg: Gray, underline: Reset, modifier: NONE,
        x: 43, y: 15, fg: Reset, bg: Gray, underline: Reset, modifier: NONE,
        x: 45, y: 15, fg: Black, bg: White, underline: Reset, modifier: BOLD,
        x: 74, y: 15, fg: Reset, bg: Gray, underline: Reset, modifier: NONE,
        x: 76, y: 15, fg: Black, bg: Gray, underline: Reset, modifier: NONE,
        x: 77, y: 15, fg: Reset, bg: Reset, underline: Reset, modifier: NONE,
        x: 42, y: 16, fg: Black, bg: Gray, underline: Reset, modifier: NONE,
        x: 43, y: 16, fg: Reset, bg: Gray, underline: Reset, modifier: NONE,
        x: 45, y: 16, fg: Black, bg: Gray, underline: Reset, modifier: NONE,
        x: 74, y: 16, fg: Reset, bg: Gray, underline: Reset, modifier: NONE,
        x: 76, y: 16, fg: Black, bg: Gray, underline: Reset, modifier: NONE,
        x: 77, y: 16, fg: Reset, bg: Reset, underline: Reset, modifier: NONE,
        x: 42, y: 17, fg: Black, bg: Gray, underline: Reset, modifier: NONE,
        x: 43, y: 17, fg: Reset, bg: Gray, underline: Reset, modifier: NONE,
        x: 45, y: 17, fg: DarkGray, bg: Gray, underline: Reset, modifier: NONE,
        x: 74, y: 17, fg: Reset, bg: Gray, underline: Reset, modifier: NONE,
        x: 76, y: 17, fg: Black, bg: Gray, underline: Reset, modifier: NONE,
        x: 77, y: 17, fg: Reset, bg: Reset, underline: Reset, modifier: NONE,
        x: 42, y: 18, fg: Black, bg: Gray, underline: Reset, modifier: NONE,
        x: 43, y: 18, fg: Reset, bg: Gray, underline: Reset, modifier: NONE,
        x: 45, y: 18, fg: Black, bg: Gray, underline: Reset, modifier: NONE,
        x: 74, y: 18, fg: Reset, bg: Gray, underline: Reset, modifier: NONE,
        x: 76, y: 18, fg: Black, bg: Gray, underline: Reset, modifier: NONE,
        x: 77, y: 18, fg: Reset, bg: Reset, underline: Reset, modifier: NONE,
        x: 42, y: 19, fg: Black, bg: Gray, underline: Reset, modifier: NONE,
        x: 43, y: 19, fg: Reset, bg: Gray, underline: Reset, modifier: NONE,
        x: 45, y: 19, fg: Black, bg: Gray, underline: Reset, modifier: NONE,
        x: 74, y: 19, fg: Reset, bg: Gray, underline: Reset, modifier: NONE,
        x: 76, y: 19, fg: Black, bg: Gray, underline: Reset, modifier: NONE,
        x: 77, y: 19, fg: Reset, bg: Reset, underline: Reset, modifier: NONE,
        x: 42, y: 20, fg: Black, bg: Gray, underline: Reset, modifier: NONE,
        x: 43, y: 20, fg: Reset, bg: Gray, underline: Reset, modifier: NONE,
        x: 45, y: 20, fg: Black, bg: Gray, underline: Reset, modifier: NONE,
        x: 74, y: 20, fg: Reset, bg: Gray, underline: Reset, modifier: NONE,
        x: 76, y: 20, fg: Black, bg: Gray, underline: Reset, modifier: NONE,
        x: 77, y: 20, fg: Reset, bg: Reset, underline: Reset, modifier: NONE,
        x: 42, y: 21, fg: Black, bg: Gray, underline: Reset, modifier: NONE,
        x: 43, y: 21, fg: Reset, bg: Gray, underline: Reset, modifier: NONE,
        x: 45, y: 21, fg: DarkGray, bg: Gray, underline: Reset, modifier: NONE,
        x: 74, y: 21, fg: Reset, bg: Gray, underline: Reset, modifier: NONE,
        x: 76, y: 21, fg: Black, bg: Gray, underline: Reset, modifier: NONE,
        x: 77, y: 21, fg: Reset, bg: Reset, underline: Reset, modifier: NONE,
        x: 42, y: 22, fg: Black, bg: Gray, underline: Reset, modifier: NONE,
        x: 43, y: 22, fg: Reset, bg: Gray, underline: Reset, modifier: NONE,
        x: 45, y: 22, fg: Black, bg: Gray, underline: Reset, modifier: NONE,
        x: 74, y: 22, fg: Reset, bg: Gray, underline: Reset, modifier: NONE,
        x: 76, y: 22, fg: Black, bg: Gray, underline: Reset, modifier: NONE,
        x: 77, y: 22, fg: Reset, bg: Reset, underline: Reset, modifier: NONE,
        x: 42, y: 23, fg: Black, bg: Gray, underline: Reset, modifier: NONE,
        x: 43, y: 23, fg: Reset, bg: Gray, underline: Reset, modifier: NONE,
        x: 45, y: 23, fg: DarkGray, bg: Gray, underline: Reset, modifier: NONE,
        x: 74, y: 23, fg: Reset, bg: Gray, underline: Reset, modifier: NONE,
        x: 76, y: 23, fg: Black, bg: Gray, underline: Reset, modifier: NONE,
        x: 77, y: 23, fg: Reset, bg: Reset, underline: Reset, modifier: NONE,
        x: 42, y: 24, fg: Black, bg: Gray, underline: Reset, modifier: NONE,
        x: 77, y: 24, fg: Reset, bg: Reset, underline: Reset, modifier: NONE,
    ]
}
