---
source: rwf-bin/src/ui/dialog/snapshot_tests/mod.rs
expression: "render_dialog_to_string(dialog, state, width, height)"
---
Buffer {
    area: Rect { x: 0, y: 0, width: 80, height: 24 },
    content: [
        "                                                                                ",
        "                                                                                ",
        "                                                                                ",
        "                                                                                ",
        "                                                                                ",
        "                                                                                ",
        "                                                                                ",
        "                                                                                ",
        "                ┌Permission Denied─────────────────────────────┐                ",
        "                │Access to file denied                         │                ",
        "                │                                              │                ",
        "                │This operation requires elevated privileges.  │                ",
        "                │                                              │                ",
        "                │                                              │                ",
        "                └──────────────────────────────────────────────┘                ",
        "                                     [*OK*]                                     ",
        "                                                                                ",
        "                                                                                ",
        "                                                                                ",
        "                                                                                ",
        "                                                                                ",
        "                                                                                ",
        "                                                                                ",
        "                                                                                ",
    ],
    styles: [
        x: 0, y: 0, fg: Reset, bg: Reset, underline: Reset, modifier: NONE,
        x: 16, y: 8, fg: Black, bg: Gray, underline: Reset, modifier: NONE,
        x: 17, y: 8, fg: Black, bg: Gray, underline: Reset, modifier: BOLD,
        x: 34, y: 8, fg: Black, bg: Gray, underline: Reset, modifier: NONE,
        x: 64, y: 8, fg: Reset, bg: Reset, underline: Reset, modifier: NONE,
        x: 16, y: 9, fg: Black, bg: Gray, underline: Reset, modifier: NONE,
        x: 17, y: 9, fg: Reset, bg: Gray, underline: Reset, modifier: NONE,
        x: 63, y: 9, fg: Black, bg: Gray, underline: Reset, modifier: NONE,
        x: 64, y: 9, fg: Reset, bg: Reset, underline: Reset, modifier: NONE,
        x: 16, y: 10, fg: Black, bg: Gray, underline: Reset, modifier: NONE,
        x: 17, y: 10, fg: Reset, bg: Gray, underline: Reset, modifier: NONE,
        x: 63, y: 10, fg: Black, bg: Gray, underline: Reset, modifier: NONE,
        x: 64, y: 10, fg: Reset, bg: Reset, underline: Reset, modifier: NONE,
        x: 16, y: 11, fg: Black, bg: Gray, underline: Reset, modifier: NONE,
        x: 17, y: 11, fg: Reset, bg: Gray, underline: Reset, modifier: DIM,
        x: 61, y: 11, fg: Reset, bg: Gray, underline: Reset, modifier: NONE,
        x: 63, y: 11, fg: Black, bg: Gray, underline: Reset, modifier: NONE,
        x: 64, y: 11, fg: Reset, bg: Reset, underline: Reset, modifier: NONE,
        x: 16, y: 12, fg: Black, bg: Gray, underline: Reset, modifier: NONE,
        x: 17, y: 12, fg: Reset, bg: Gray, underline: Reset, modifier: NONE,
        x: 63, y: 12, fg: Black, bg: Gray, underline: Reset, modifier: NONE,
        x: 64, y: 12, fg: Reset, bg: Reset, underline: Reset, modifier: NONE,
        x: 16, y: 13, fg: Black, bg: Gray, underline: Reset, modifier: NONE,
        x: 17, y: 13, fg: Reset, bg: Gray, underline: Reset, modifier: NONE,
        x: 63, y: 13, fg: Black, bg: Gray, underline: Reset, modifier: NONE,
        x: 64, y: 13, fg: Reset, bg: Reset, underline: Reset, modifier: NONE,
        x: 16, y: 14, fg: Black, bg: Gray, underline: Reset, modifier: NONE,
        x: 64, y: 14, fg: Reset, bg: Reset, underline: Reset, modifier: NONE,
        x: 37, y: 15, fg: Black, bg: White, underline: Reset, modifier: NONE,
        x: 43, y: 15, fg: Reset, bg: Reset, underline: Reset, modifier: NONE,
    ]
}
