---
source: rwf-bin/src/ui/dialog/snapshot_tests/mod.rs
expression: "render_dialog_to_string(dialog, state, width, height)"
---
Buffer {
    area: Rect { x: 0, y: 0, width: 80, height: 24 },
    content: [
        "                                                                                ",
        "                                                                                ",
        "                                                                                ",
        "     ┌Copy Report─────────────────────────────────────────────────────────┐     ",
        "     │┌────────────────────────┐ Mark Source      Destination Res.  Undo  │     ",
        "     ││  u:Copy                │ [x]  a.txt       b.txt       OK    ✓     │     ",
        "     ││  u:Copy                │ [x]  c.txt       d.txt       Fail  *     │     ",
        "     ││  u:Copy                │                                          │     ",
        "     ││  u:Copy                │                                          │     ",
        "     ││* u:Copy                │                                          │     ",
        "     ││                        │Details:                                  │     ",
        "     ││                        │┌────────────────────────────────────────┐│     ",
        "     ││                        ││Source: a.txt                           ││     ",
        "     ││                        ││Destination: b.txt                      ││     ",
        "     ││                        ││Result: OK                              ││     ",
        "     ││                        ││                                        ││     ",
        "     ││                        ││Undo: Available                         ││     ",
        "     ││                        │└────────────────────────────────────────┘│     ",
        "     │└────────────────────────┘Space: toggle  a: all/none  Enter: undo  E│     ",
        "     └────────────────────────────────────────────────────────────────────┘     ",
        "                                                                                ",
        "                                                                                ",
        "                                                                                ",
        "                                                                                ",
    ],
    styles: [
        x: 0, y: 0, fg: Reset, bg: Reset, underline: Reset, modifier: NONE,
        x: 5, y: 3, fg: Black, bg: Gray, underline: Reset, modifier: NONE,
        x: 6, y: 3, fg: Black, bg: Gray, underline: Reset, modifier: BOLD,
        x: 17, y: 3, fg: Black, bg: Gray, underline: Reset, modifier: NONE,
        x: 75, y: 3, fg: Reset, bg: Reset, underline: Reset, modifier: NONE,
        x: 5, y: 4, fg: Black, bg: Gray, underline: Reset, modifier: NONE,
        x: 75, y: 4, fg: Reset, bg: Reset, underline: Reset, modifier: NONE,
        x: 5, y: 5, fg: Black, bg: Gray, underline: Reset, modifier: NONE,
        x: 32, y: 5, fg: Black, bg: White, underline: Reset, modifier: BOLD,
        x: 74, y: 5, fg: Black, bg: Gray, underline: Reset, modifier: NONE,
        x: 75, y: 5, fg: Reset, bg: Reset, underline: Reset, modifier: NONE,
        x: 5, y: 6, fg: Black, bg: Gray, underline: Reset, modifier: NONE,
        x: 75, y: 6, fg: Reset, bg: Reset, underline: Reset, modifier: NONE,
        x: 5, y: 7, fg: Black, bg: Gray, underline: Reset, modifier: NONE,
        x: 32, y: 7, fg: Reset, bg: Gray, underline: Reset, modifier: NONE,
        x: 74, y: 7, fg: Black, bg: Gray, underline: Reset, modifier: NONE,
        x: 75, y: 7, fg: Reset, bg: Reset, underline: Reset, modifier: NONE,
        x: 5, y: 8, fg: Black, bg: Gray, underline: Reset, modifier: NONE,
        x: 32, y: 8, fg: Reset, bg: Gray, underline: Reset, modifier: NONE,
        x: 74, y: 8, fg: Black, bg: Gray, underline: Reset, modifier: NONE,
        x: 75, y: 8, fg: Reset, bg: Reset, underline: Reset, modifier: NONE,
        x: 5, y: 9, fg: Black, bg: Gray, underline: Reset, modifier: NONE,
        x: 7, y: 9, fg: Black, bg: White, underline: Reset, modifier: BOLD,
        x: 31, y: 9, fg: Black, bg: Gray, underline: Reset, modifier: NONE,
        x: 32, y: 9, fg: Reset, bg: Gray, underline: Reset, modifier: NONE,
        x: 74, y: 9, fg: Black, bg: Gray, underline: Reset, modifier: NONE,
        x: 75, y: 9, fg: Reset, bg: Reset, underline: Reset, modifier: NONE,
        x: 5, y: 10, fg: Black, bg: Gray, underline: Reset, modifier: NONE,
        x: 7, y: 10, fg: Reset, bg: Gray, underline: Reset, modifier: NONE,
        x: 31, y: 10, fg: Black, bg: Gray, underline: Reset, modifier: NONE,
        x: 75, y: 10, fg: Reset, bg: Reset, underline: Reset, modifier: NONE,
        x: 5, y: 11, fg: Black, bg: Gray, underline: Reset, modifier: NONE,
        x: 7, y: 11, fg: Reset, bg: Gray, underline: Reset, modifier: NONE,
        x: 31, y: 11, fg: Black, bg: Gray, underline: Reset, modifier: NONE,
        x: 75, y: 11, fg: Reset, bg: Reset, underline: Reset, modifier: NONE,
        x: 5, y: 12, fg: Black, bg: Gray, underline: Reset, modifier: NONE,
        x: 7, y: 12, fg: Reset, bg: Gray, underline: Reset, modifier: NONE,
        x: 31, y: 12, fg: Black, bg: Gray, underline: Reset, modifier: NONE,
        x: 75, y: 12, fg: Reset, bg: Reset, underline: Reset, modifier: NONE,
        x: 5, y: 13, fg: Black, bg: Gray, underline: Reset, modifier: NONE,
        x: 7, y: 13, fg: Reset, bg: Gray, underline: Reset, modifier: NONE,
        x: 31, y: 13, fg: Black, bg: Gray, underline: Reset, modifier: NONE,
        x: 75, y: 13, fg: Reset, bg: Reset, underline: Reset, modifier: NONE,
        x: 5, y: 14, fg: Black, bg: Gray, underline: Reset, modifier: NONE,
        x: 7, y: 14, fg: Reset, bg: Gray, underline: Reset, modifier: NONE,
        x: 31, y: 14, fg: Black, bg: Gray, underline: Reset, modifier: NONE,
        x: 75, y: 14, fg: Reset, bg: Reset, underline: Reset, modifier: NONE,
        x: 5, y: 15, fg: Black, bg: Gray, underline: Reset, modifier: NONE,
        x: 7, y: 15, fg: Reset, bg: Gray, underline: Reset, modifier: NONE,
        x: 31, y: 15, fg: Black, bg: Gray, underline: Reset, modifier: NONE,
        x: 75, y: 15, fg: Reset, bg: Reset, underline: Reset, modifier: NONE,
        x: 5, y: 16, fg: Black, bg: Gray, underline: Reset, modifier: NONE,
        x: 7, y: 16, fg: Reset, bg: Gray, underline: Reset, modifier: NONE,
        x: 31, y: 16, fg: Black, bg: Gray, underline: Reset, modifier: NONE,
        x: 75, y: 16, fg: Reset, bg: Reset, underline: Reset, modifier: NONE,
        x: 5, y: 17, fg: Black, bg: Gray, underline: Reset, modifier: NONE,
        x: 7, y: 17, fg: Reset, bg: Gray, underline: Reset, modifier: NONE,
        x: 31, y: 17, fg: Black, bg: Gray, underline: Reset, modifier: NONE,
        x: 75, y: 17, fg: Reset, bg: Reset, underline: Reset, modifier: NONE,
        x: 5, y: 18, fg: Black, bg: Gray, underline: Reset, modifier: NONE,
        x: 32, y: 18, fg: DarkGray, bg: Gray, underline: Reset, modifier: NONE,
        x: 74, y: 18, fg: Black, bg: Gray, underline: Reset, modifier: NONE,
        x: 75, y: 18, fg: Reset, bg: Reset, underline: Reset, modifier: NONE,
        x: 5, y: 19, fg: Black, bg: Gray, underline: Reset, modifier: NONE,
        x: 75, y: 19, fg: Reset, bg: Reset, underline: Reset, modifier: NONE,
    ]
}
