---
source: rwf-bin/src/ui/dialog/snapshot_tests/mod.rs
expression: "render_dialog_to_string(dialog, state, width, height)"
---
Buffer {
    area: Rect { x: 0, y: 0, width: 120, height: 40 },
    content: [
        "                                                                                                                        ",
        "                                                                                                                        ",
        "                                                                                                                        ",
        "                                                                                                                        ",
        "                                                                                                                        ",
        "                                                                                                                        ",
        "                                                                                                                        ",
        "                                                                                                                        ",
        "                                                                                                                        ",
        "                                                                                                                        ",
        "                                                                                                                        ",
        "                                                                                                                        ",
        "                                                                                                                        ",
        "                                                                                                                        ",
        "                                                                                                                        ",
        "                        ┌clip menu────────────────────────────────────────────────────────────┐                         ",
        "                        │   file name          the cursor entry's name                        │                         ",
        "                        │   full path          the cursor entry's full path                   │                         ",
        "                        │   current directory  the active pane's directory                    │                         ",
        "                        │  ────────────────────────────────────────────────────────────────   │                         ",
        "                        │   marked file names  every marked entry's name, one per line        │                         ",
        "                        │   marked full paths  every marked entry's full path, one per line   │                         ",
        "                        │   reload config                                                     │                         ",
        "                        │ [Enter] Execute  [Esc] Close                                        │                         ",
        "                        └─────────────────────────────────────────────────────────────────────┘                         ",
        "                                                                                                                        ",
        "                                                                                                                        ",
        "                                                                                                                        ",
        "                                                                                                                        ",
        "                                                                                                                        ",
        "                                                                                                                        ",
        "                                                                                                                        ",
        "                                                                                                                        ",
        "                                                                                                                        ",
        "                                                                                                                        ",
        "                                                                                                                        ",
        "                                                                                                                        ",
        "                                                                                                                        ",
        "                                                                                                                        ",
        "                                                                                                                        ",
    ],
    styles: [
        x: 0, y: 0, fg: Reset, bg: Reset, underline: Reset, modifier: NONE,
        x: 24, y: 15, fg: Black, bg: Gray, underline: Reset, modifier: NONE,
        x: 25, y: 15, fg: Black, bg: Gray, underline: Reset, modifier: BOLD,
        x: 34, y: 15, fg: Black, bg: Gray, underline: Reset, modifier: NONE,
        x: 95, y: 15, fg: Reset, bg: Reset, underline: Reset, modifier: NONE,
        x: 24, y: 16, fg: Black, bg: Gray, underline: Reset, modifier: NONE,
        x: 25, y: 16, fg: Reset, bg: Gray, underline: Reset, modifier: NONE,
        x: 27, y: 16, fg: Black, bg: White, underline: Reset, modifier: BOLD,
        x: 47, y: 16, fg: DarkGray, bg: White, underline: Reset, modifier: NONE,
        x: 70, y: 16, fg: Black, bg: White, underline: Reset, modifier: BOLD,
        x: 92, y: 16, fg: Reset, bg: Gray, underline: Reset, modifier: NONE,
        x: 94, y: 16, fg: Black, bg: Gray, underline: Reset, modifier: NONE,
        x: 95, y: 16, fg: Reset, bg: Reset, underline: Reset, modifier: NONE,
        x: 24, y: 17, fg: Black, bg: Gray, underline: Reset, modifier: NONE,
        x: 25, y: 17, fg: Reset, bg: Gray, underline: Reset, modifier: NONE,
        x: 27, y: 17, fg: Black, bg: Gray, underline: Reset, modifier: NONE,
        x: 47, y: 17, fg: DarkGray, bg: Gray, underline: Reset, modifier: NONE,
        x: 75, y: 17, fg: Black, bg: Gray, underline: Reset, modifier: NONE,
        x: 92, y: 17, fg: Reset, bg: Gray, underline: Reset, modifier: NONE,
        x: 94, y: 17, fg: Black, bg: Gray, underline: Reset, modifier: NONE,
        x: 95, y: 17, fg: Reset, bg: Reset, underline: Reset, modifier: NONE,
        x: 24, y: 18, fg: Black, bg: Gray, underline: Reset, modifier: NONE,
        x: 25, y: 18, fg: Reset, bg: Gray, underline: Reset, modifier: NONE,
        x: 27, y: 18, fg: Black, bg: Gray, underline: Reset, modifier: NONE,
        x: 47, y: 18, fg: DarkGray, bg: Gray, underline: Reset, modifier: NONE,
        x: 74, y: 18, fg: Black, bg: Gray, underline: Reset, modifier: NONE,
        x: 92, y: 18, fg: Reset, bg: Gray, underline: Reset, modifier: NONE,
        x: 94, y: 18, fg: Black, bg: Gray, underline: Reset, modifier: NONE,
        x: 95, y: 18, fg: Reset, bg: Reset, underline: Reset, modifier: NONE,
        x: 24, y: 19, fg: Black, bg: Gray, underline: Reset, modifier: NONE,
        x: 25, y: 19, fg: Reset, bg: Gray, underline: Reset, modifier: NONE,
        x: 27, y: 19, fg: DarkGray, bg: Gray, underline: Reset, modifier: NONE,
        x: 92, y: 19, fg: Reset, bg: Gray, underline: Reset, modifier: NONE,
        x: 94, y: 19, fg: Black, bg: Gray, underline: Reset, modifier: NONE,
        x: 95, y: 19, fg: Reset, bg: Reset, underline: Reset, modifier: NONE,
        x: 24, y: 20, fg: Black, bg: Gray, underline: Reset, modifier: NONE,
        x: 25, y: 20, fg: Reset, bg: Gray, underline: Reset, modifier: NONE,
        x: 27, y: 20, fg: Black, bg: Gray, underline: Reset, modifier: NONE,
        x: 47, y: 20, fg: DarkGray, bg: Gray, underline: Reset, modifier: NONE,
        x: 86, y: 20, fg: Black, bg: Gray, underline: Reset, modifier: NONE,
        x: 92, y: 20, fg: Reset, bg: Gray, underline: Reset, modifier: NONE,
        x: 94, y: 20, fg: Black, bg: Gray, underline: Reset, modifier: NONE,
        x: 95, y: 20, fg: Reset, bg: Reset, underline: Reset, modifier: NONE,
        x: 24, y: 21, fg: Black, bg: Gray, underline: Reset, modifier: NONE,
        x: 25, y: 21, fg: Reset, bg: Gray, underline: Reset, modifier: NONE,
        x: 27, y: 21, fg: Black, bg: Gray, underline: Reset, modifier: NONE,
        x: 47, y: 21, fg: DarkGray, bg: Gray, underline: Reset, modifier: NONE,
        x: 91, y: 21, fg: Black, bg: Gray, underline: Reset, modifier: NONE,
        x: 92, y: 21, fg: Reset, bg: Gray, underline: Reset, modifier: NONE,
        x: 94, y: 21, fg: Black, bg: Gray, underline: Reset, modifier: NONE,
        x: 95, y: 21, fg: Reset, bg: Reset, underline: Reset, modifier: NONE,
        x: 24, y: 22, fg: Black, bg: Gray, underline: Reset, modifier: NONE,
        x: 25, y: 22, fg: Reset, bg: Gray, underline: Reset, modifier: NONE,
        x: 27, y: 22, fg: Black, bg: Gray, underline: Reset, modifier: NONE,
        x: 92, y: 22, fg: Reset, bg: Gray, underline: Reset, modifier: NONE,
        x: 94, y: 22, fg: Black, bg: Gray, underline: Reset, modifier: NONE,
        x: 95, y: 22, fg: Reset, bg: Reset, underline: Reset, modifier: NONE,
        x: 24, y: 23, fg: Black, bg: Gray, underline: Reset, modifier: NONE,
        x: 25, y: 23, fg: Reset, bg: Gray, underline: Reset, modifier: NONE,
        x: 26, y: 23, fg: DarkGray, bg: Gray, underline: Reset, modifier: NONE,
        x: 93, y: 23, fg: Reset, bg: Gray, underline: Reset, modifier: NONE,
        x: 94, y: 23, fg: Black, bg: Gray, underline: Reset, modifier: NONE,
        x: 95, y: 23, fg: Reset, bg: Reset, underline: Reset, modifier: NONE,
        x: 24, y: 24, fg: Black, bg: Gray, underline: Reset, modifier: NONE,
        x: 95, y: 24, fg: Reset, bg: Reset, underline: Reset, modifier: NONE,
    ]
}
