---
source: rwf-bin/src/ui/dialog/snapshot_tests/mod.rs
expression: "render_dialog_to_string(dialog, state, width, height)"
---
Buffer {
    area: Rect { x: 0, y: 0, width: 120, height: 40 },
    content: [
        "                                                                                                                        ",
        "                                                                                                                        ",
        "                                                                                                                        ",
        "                                                                                                                        ",
        "                                                                                                                        ",
        "                                                                                                                        ",
        "                                                                                                                        ",
        "                                                                                                                        ",
        "                                                                                                                        ",
        "                                                                                                                        ",
        "                                                                                                                        ",
        "                                                                                                                        ",
        "                                                                                                                        ",
        "                                                                                                                        ",
        "                                                                                                                        ",
        "                                                                                                                        ",
        "                                                                                                                        ",
        "                               ┌クリップ───────────────────────────────────────────────┐                                ", // hidden by multi-width symbols: [(33, " "), (35, " "), (37, " "), (39, " ")]
        "                               │   ファイル名            the cursor entry's name       │                                ", // hidden by multi-width symbols: [(36, " "), (38, " "), (40, " "), (42, " "), (44, " ")]
        "                               │   カレントディレクトリ  the active pane's directory   │                                ", // hidden by multi-width symbols: [(36, " "), (38, " "), (40, " "), (42, " "), (44, " "), (46, " "), (48, " "), (50, " "), (52, " "), (54, " ")]
        "                               │                                                       │                                ",
        "                               │ [Enter] Execute  [Esc] Close                          │                                ",
        "                               └───────────────────────────────────────────────────────┘                                ",
        "                                                                                                                        ",
        "                                                                                                                        ",
        "                                                                                                                        ",
        "                                                                                                                        ",
        "                                                                                                                        ",
        "                                                                                                                        ",
        "                                                                                                                        ",
        "                                                                                                                        ",
        "                                                                                                                        ",
        "                                                                                                                        ",
        "                                                                                                                        ",
        "                                                                                                                        ",
        "                                                                                                                        ",
        "                                                                                                                        ",
        "                                                                                                                        ",
        "                                                                                                                        ",
        "                                                                                                                        ",
    ],
    styles: [
        x: 0, y: 0, fg: Reset, bg: Reset, underline: Reset, modifier: NONE,
        x: 31, y: 17, fg: Black, bg: Gray, underline: Reset, modifier: NONE,
        x: 32, y: 17, fg: Black, bg: Gray, underline: Reset, modifier: BOLD,
        x: 33, y: 17, fg: Reset, bg: Reset, underline: Reset, modifier: NONE,
        x: 34, y: 17, fg: Black, bg: Gray, underline: Reset, modifier: BOLD,
        x: 35, y: 17, fg: Reset, bg: Reset, underline: Reset, modifier: NONE,
        x: 36, y: 17, fg: Black, bg: Gray, underline: Reset, modifier: BOLD,
        x: 37, y: 17, fg: Reset, bg: Reset, underline: Reset, modifier: NONE,
        x: 38, y: 17, fg: Black, bg: Gray, underline: Reset, modifier: BOLD,
        x: 39, y: 17, fg: Reset, bg: Reset, underline: Reset, modifier: NONE,
        x: 40, y: 17, fg: Black, bg: Gray, underline: Reset, modifier: NONE,
        x: 88, y: 17, fg: Reset, bg: Reset, underline: Reset, modifier: NONE,
        x: 31, y: 18, fg: Black, bg: Gray, underline: Reset, modifier: NONE,
        x: 32, y: 18, fg: Reset, bg: Gray, underline: Reset, modifier: NONE,
        x: 34, y: 18, fg: Black, bg: White, underline: Reset, modifier: BOLD,
        x: 36, y: 18, fg: Reset, bg: Reset, underline: Reset, modifier: NONE,
        x: 37, y: 18, fg: Black, bg: White, underline: Reset, modifier: BOLD,
        x: 38, y: 18, fg: Reset, bg: Reset, underline: Reset, modifier: NONE,
        x: 39, y: 18, fg: Black, bg: White, underline: Reset, modifier: BOLD,
        x: 40, y: 18, fg: Reset, bg: Reset, underline: Reset, modifier: NONE,
        x: 41, y: 18, fg: Black, bg: White, underline: Reset, modifier: BOLD,
        x: 42, y: 18, fg: Reset, bg: Reset, underline: Reset, modifier: NONE,
        x: 43, y: 18, fg: Black, bg: White, underline: Reset, modifier: BOLD,
        x: 44, y: 18, fg: Reset, bg: Reset, underline: Reset, modifier: NONE,
        x: 45, y: 18, fg: Black, bg: White, underline: Reset, modifier: BOLD,
        x: 57, y: 18, fg: DarkGray, bg: White, underline: Reset, modifier: NONE,
        x: 80, y: 18, fg: Black, bg: White, underline: Reset, modifier: BOLD,
        x: 85, y: 18, fg: Reset, bg: Gray, underline: Reset, modifier: NONE,
        x: 87, y: 18, fg: Black, bg: Gray, underline: Reset, modifier: NONE,
        x: 88, y: 18, fg: Reset, bg: Reset, underline: Reset, modifier: NONE,
        x: 31, y: 19, fg: Black, bg: Gray, underline: Reset, modifier: NONE,
        x: 32, y: 19, fg: Reset, bg: Gray, underline: Reset, modifier: NONE,
        x: 34, y: 19, fg: Black, bg: Gray, underline: Reset, modifier: NONE,
        x: 36, y: 19, fg: Reset, bg: Reset, underline: Reset, modifier: NONE,
        x: 37, y: 19, fg: Black, bg: Gray, underline: Reset, modifier: NONE,
        x: 38, y: 19, fg: Reset, bg: Reset, underline: Reset, modifier: NONE,
        x: 39, y: 19, fg: Black, bg: Gray, underline: Reset, modifier: NONE,
        x: 40, y: 19, fg: Reset, bg: Reset, underline: Reset, modifier: NONE,
        x: 41, y: 19, fg: Black, bg: Gray, underline: Reset, modifier: NONE,
        x: 42, y: 19, fg: Reset, bg: Reset, underline: Reset, modifier: NONE,
        x: 43, y: 19, fg: Black, bg: Gray, underline: Reset, modifier: NONE,
        x: 44, y: 19, fg: Reset, bg: Reset, underline: Reset, modifier: NONE,
        x: 45, y: 19, fg: Black, bg: Gray, underline: Reset, modifier: NONE,
        x: 46, y: 19, fg: Reset, bg: Reset, underline: Reset, modifier: NONE,
        x: 47, y: 19, fg: Black, bg: Gray, underline: Reset, modifier: NONE,
        x: 48, y: 19, fg: Reset, bg: Reset, underline: Reset, modifier: NONE,
        x: 49, y: 19, fg: Black, bg: Gray, underline: Reset, modifier: NONE,
        x: 50, y: 19, fg: Reset, bg: Reset, underline: Reset, modifier: NONE,
        x: 51, y: 19, fg: Black, bg: Gray, underline: Reset, modifier: NONE,
        x: 52, y: 19, fg: Reset, bg: Reset, underline: Reset, modifier: NONE,
        x: 53, y: 19, fg: Black, bg: Gray, underline: Reset, modifier: NONE,
        x: 54, y: 19, fg: Reset, bg: Reset, underline: Reset, modifier: NONE,
        x: 55, y: 19, fg: Black, bg: Gray, underline: Reset, modifier: NONE,
        x: 57, y: 19, fg: DarkGray, bg: Gray, underline: Reset, modifier: NONE,
        x: 84, y: 19, fg: Black, bg: Gray, underline: Reset, modifier: NONE,
        x: 85, y: 19, fg: Reset, bg: Gray, underline: Reset, modifier: NONE,
        x: 87, y: 19, fg: Black, bg: Gray, underline: Reset, modifier: NONE,
        x: 88, y: 19, fg: Reset, bg: Reset, underline: Reset, modifier: NONE,
        x: 31, y: 20, fg: Black, bg: Gray, underline: Reset, modifier: NONE,
        x: 32, y: 20, fg: Reset, bg: Gray, underline: Reset, modifier: NONE,
        x: 87, y: 20, fg: Black, bg: Gray, underline: Reset, modifier: NONE,
        x: 88, y: 20, fg: Reset, bg: Reset, underline: Reset, modifier: NONE,
        x: 31, y: 21, fg: Black, bg: Gray, underline: Reset, modifier: NONE,
        x: 32, y: 21, fg: Reset, bg: Gray, underline: Reset, modifier: NONE,
        x: 33, y: 21, fg: DarkGray, bg: Gray, underline: Reset, modifier: NONE,
        x: 86, y: 21, fg: Reset, bg: Gray, underline: Reset, modifier: NONE,
        x: 87, y: 21, fg: Black, bg: Gray, underline: Reset, modifier: NONE,
        x: 88, y: 21, fg: Reset, bg: Reset, underline: Reset, modifier: NONE,
        x: 31, y: 22, fg: Black, bg: Gray, underline: Reset, modifier: NONE,
        x: 88, y: 22, fg: Reset, bg: Reset, underline: Reset, modifier: NONE,
    ]
}
