---
source: rwf-bin/src/ui/dialog/snapshot_tests/mod.rs
expression: "render_dialog_to_string(dialog, state, width, height)"
---
Buffer {
    area: Rect { x: 0, y: 0, width: 80, height: 24 },
    content: [
        "                                                                                ",
        "                                                                                ",
        "                                                                                ",
        "                                                                                ",
        "                                                                                ",
        "                                                                                ",
        "                      ┌Context Menu─────────────────────┐                       ",
        "                      │   View                          │                       ",
        "                      │   Open With... (detecting...)   │                       ",
        "                      │   ───────────────────────────   │                       ",
        "                      │   Copy                          │                       ",
        "                      │   Move                          │                       ",
        "                      │   Rename                        │                       ",
        "                      │   ───────────────────────────   │                       ",
        "                      │   Delete                        │                       ",
        "                      │  [Enter] Select  [Esc] Cancel   │                       ",
        "                      └─────────────────────────────────┘                       ",
        "                                                                                ",
        "                                                                                ",
        "                                                                                ",
        "                                                                                ",
        "                                                                                ",
        "                                                                                ",
        "                                                                                ",
    ],
    styles: [
        x: 0, y: 0, fg: Reset, bg: Reset, underline: Reset, modifier: NONE,
        x: 22, y: 6, fg: Black, bg: Gray, underline: Reset, modifier: NONE,
        x: 23, y: 6, fg: Black, bg: Gray, underline: Reset, modifier: BOLD,
        x: 35, y: 6, fg: Black, bg: Gray, underline: Reset, modifier: NONE,
        x: 57, y: 6, fg: Reset, bg: Reset, underline: Reset, modifier: NONE,
        x: 22, y: 7, fg: Black, bg: Gray, underline: Reset, modifier: NONE,
        x: 23, y: 7, fg: Reset, bg: Gray, underline: Reset, modifier: NONE,
        x: 25, y: 7, fg: Black, bg: White, underline: Reset, modifier: BOLD,
        x: 54, y: 7, fg: Reset, bg: Gray, underline: Reset, modifier: NONE,
        x: 56, y: 7, fg: Black, bg: Gray, underline: Reset, modifier: NONE,
        x: 57, y: 7, fg: Reset, bg: Reset, underline: Reset, modifier: NONE,
        x: 22, y: 8, fg: Black, bg: Gray, underline: Reset, modifier: NONE,
        x: 23, y: 8, fg: Reset, bg: Gray, underline: Reset, modifier: NONE,
        x: 25, y: 8, fg: Black, bg: Gray, underline: Reset, modifier: NONE,
        x: 54, y: 8, fg: Reset, bg: Gray, underline: Reset, modifier: NONE,
        x: 56, y: 8, fg: Black, bg: Gray, underline: Reset, modifier: NONE,
        x: 57, y: 8, fg: Reset, bg: Reset, underline: Reset, modifier: NONE,
        x: 22, y: 9, fg: Black, bg: Gray, underline: Reset, modifier: NONE,
        x: 23, y: 9, fg: Reset, bg: Gray, underline: Reset, modifier: NONE,
        x: 25, y: 9, fg: DarkGray, bg: Gray, underline: Reset, modifier: NONE,
        x: 54, y: 9, fg: Reset, bg: Gray, underline: Reset, modifier: NONE,
        x: 56, y: 9, fg: Black, bg: Gray, underline: Reset, modifier: NONE,
        x: 57, y: 9, fg: Reset, bg: Reset, underline: Reset, modifier: NONE,
        x: 22, y: 10, fg: Black, bg: Gray, underline: Reset, modifier: NONE,
        x: 23, y: 10, fg: Reset, bg: Gray, underline: Reset, modifier: NONE,
        x: 25, y: 10, fg: Black, bg: Gray, underline: Reset, modifier: NONE,
        x: 54, y: 10, fg: Reset, bg: Gray, underline: Reset, modifier: NONE,
        x: 56, y: 10, fg: Black, bg: Gray, underline: Reset, modifier: NONE,
        x: 57, y: 10, fg: Reset, bg: Reset, underline: Reset, modifier: NONE,
        x: 22, y: 11, fg: Black, bg: Gray, underline: Reset, modifier: NONE,
        x: 23, y: 11, fg: Reset, bg: Gray, underline: Reset, modifier: NONE,
        x: 25, y: 11, fg: Black, bg: Gray, underline: Reset, modifier: NONE,
        x: 54, y: 11, fg: Reset, bg: Gray, underline: Reset, modifier: NONE,
        x: 56, y: 11, fg: Black, bg: Gray, underline: Reset, modifier: NONE,
        x: 57, y: 11, fg: Reset, bg: Reset, underline: Reset, modifier: NONE,
        x: 22, y: 12, fg: Black, bg: Gray, underline: Reset, modifier: NONE,
        x: 23, y: 12, fg: Reset, bg: Gray, underline: Reset, modifier: NONE,
        x: 25, y: 12, fg: Black, bg: Gray, underline: Reset, modifier: NONE,
        x: 54, y: 12, fg: Reset, bg: Gray, underline: Reset, modifier: NONE,
        x: 56, y: 12, fg: Black, bg: Gray, underline: Reset, modifier: NONE,
        x: 57, y: 12, fg: Reset, bg: Reset, underline: Reset, modifier: NONE,
        x: 22, y: 13, fg: Black, bg: Gray, underline: Reset, modifier: NONE,
        x: 23, y: 13, fg: Reset, bg: Gray, underline: Reset, modifier: NONE,
        x: 25, y: 13, fg: DarkGray, bg: Gray, underline: Reset, modifier: NONE,
        x: 54, y: 13, fg: Reset, bg: Gray, underline: Reset, modifier: NONE,
        x: 56, y: 13, fg: Black, bg: Gray, underline: Reset, modifier: NONE,
        x: 57, y: 13, fg: Reset, bg: Reset, underline: Reset, modifier: NONE,
        x: 22, y: 14, fg: Black, bg: Gray, underline: Reset, modifier: NONE,
        x: 23, y: 14, fg: Reset, bg: Gray, underline: Reset, modifier: NONE,
        x: 25, y: 14, fg: Black, bg: Gray, underline: Reset, modifier: NONE,
        x: 54, y: 14, fg: Reset, bg: Gray, underline: Reset, modifier: NONE,
        x: 56, y: 14, fg: Black, bg: Gray, underline: Reset, modifier: NONE,
        x: 57, y: 14, fg: Reset, bg: Reset, underline: Reset, modifier: NONE,
        x: 22, y: 15, fg: Black, bg: Gray, underline: Reset, modifier: NONE,
        x: 23, y: 15, fg: Reset, bg: Gray, underline: Reset, modifier: NONE,
        x: 25, y: 15, fg: DarkGray, bg: Gray, underline: Reset, modifier: NONE,
        x: 54, y: 15, fg: Reset, bg: Gray, underline: Reset, modifier: NONE,
        x: 56, y: 15, fg: Black, bg: Gray, underline: Reset, modifier: NONE,
        x: 57, y: 15, fg: Reset, bg: Reset, underline: Reset, modifier: NONE,
        x: 22, y: 16, fg: Black, bg: Gray, underline: Reset, modifier: NONE,
        x: 57, y: 16, fg: Reset, bg: Reset, underline: Reset, modifier: NONE,
    ]
}
