---
source: rwf-bin/src/ui/dialog/snapshot_tests/mod.rs
expression: "render_dialog_to_string(dialog, state, width, height)"
---
Buffer {
    area: Rect { x: 0, y: 0, width: 120, height: 40 },
    content: [
        "                                                                                                                        ",
        "                                                                                                                        ",
        "                                                                                                                        ",
        "                                                                                                                        ",
        "                                                                                                                        ",
        "                                                                                                                        ",
        "                        ┌Copy Report───────────────────────────────────────────────────────────┐                        ",
        "                        │ Mark Source                    Destination               Res.  Undo  │                        ",
        "                        │ [x]  日本語ファイル名前.txt    コピー先フォルダ\…本語.txtOK    ✓     │                        ", // hidden by multi-width symbols: [(32, " "), (34, " "), (36, " "), (38, " "), (40, " "), (42, " "), (44, " "), (46, " "), (48, " "), (58, " "), (60, " "), (62, " "), (64, " "), (66, " "), (68, " "), (70, " "), (72, " "), (76, " "), (78, " ")]
        "                        │                                                                      │                        ",
        "                        │                                                                      │                        ",
        "                        │                                                                      │                        ",
        "                        │                                                                      │                        ",
        "                        │                                                                      │                        ",
        "                        │                                                                      │                        ",
        "                        │                                                                      │                        ",
        "                        │                                                                      │                        ",
        "                        │                                                                      │                        ",
        "                        │                                                                      │                        ",
        "                        │                                                                      │                        ",
        "                        │                                                                      │                        ",
        "                        │                                                                      │                        ",
        "                        │                                                                      │                        ",
        "                        │                                                                      │                        ",
        "                        │Details:                                                              │                        ",
        "                        │┌────────────────────────────────────────────────────────────────────┐│                        ",
        "                        ││Source: 日本語ファイル名前.txt                                      ││                        ", // hidden by multi-width symbols: [(35, " "), (37, " "), (39, " "), (41, " "), (43, " "), (45, " "), (47, " "), (49, " "), (51, " ")]
        "                        ││Destination: コピー先フォルダ\日本語.txt                            ││                        ", // hidden by multi-width symbols: [(40, " "), (42, " "), (44, " "), (46, " "), (48, " "), (50, " "), (52, " "), (54, " "), (57, " "), (59, " "), (61, " ")]
        "                        ││Result: OK                                                          ││                        ",
        "                        ││                                                                    ││                        ",
        "                        ││Undo: Available                                                     ││                        ",
        "                        │└────────────────────────────────────────────────────────────────────┘│                        ",
        "                        │Space: toggle  a: all/none  undo: run  Esc: close  ↑↓: select         │                        ",
        "                        └──────────────────────────────────────────────────────────────────────┘                        ",
        "                                                                                                                        ",
        "                                                                                                                        ",
        "                                                                                                                        ",
        "                                                                                                                        ",
        "                                                                                                                        ",
        "                                                                                                                        ",
    ],
    styles: [
        x: 0, y: 0, fg: Reset, bg: Reset, underline: Reset, modifier: NONE,
        x: 24, y: 6, fg: Black, bg: Gray, underline: Reset, modifier: NONE,
        x: 25, y: 6, fg: Black, bg: Gray, underline: Reset, modifier: BOLD,
        x: 36, y: 6, fg: Black, bg: Gray, underline: Reset, modifier: NONE,
        x: 96, y: 6, fg: Reset, bg: Reset, underline: Reset, modifier: NONE,
        x: 24, y: 7, fg: Black, bg: Gray, underline: Reset, modifier: NONE,
        x: 96, y: 7, fg: Reset, bg: Reset, underline: Reset, modifier: NONE,
        x: 24, y: 8, fg: Black, bg: Gray, underline: Reset, modifier: NONE,
        x: 25, y: 8, fg: Black, bg: White, underline: Reset, modifier: BOLD,
        x: 32, y: 8, fg: Reset, bg: Reset, underline: Reset, modifier: NONE,
        x: 33, y: 8, fg: Black, bg: White, underline: Reset, modifier: BOLD,
        x: 34, y: 8, fg: Reset, bg: Reset, underline: Reset, modifier: NONE,
        x: 35, y: 8, fg: Black, bg: White, underline: Reset, modifier: BOLD,
        x: 36, y: 8, fg: Reset, bg: Reset, underline: Reset, modifier: NONE,
        x: 37, y: 8, fg: Black, bg: White, underline: Reset, modifier: BOLD,
        x: 38, y: 8, fg: Reset, bg: Reset, underline: Reset, modifier: NONE,
        x: 39, y: 8, fg: Black, bg: White, underline: Reset, modifier: BOLD,
        x: 40, y: 8, fg: Reset, bg: Reset, underline: Reset, modifier: NONE,
        x: 41, y: 8, fg: Black, bg: White, underline: Reset, modifier: BOLD,
        x: 42, y: 8, fg: Reset, bg: Reset, underline: Reset, modifier: NONE,
        x: 43, y: 8, fg: Black, bg: White, underline: Reset, modifier: BOLD,
        x: 44, y: 8, fg: Reset, bg: Reset, underline: Reset, modifier: NONE,
        x: 45, y: 8, fg: Black, bg: White, underline: Reset, modifier: BOLD,
        x: 46, y: 8, fg: Reset, bg: Reset, underline: Reset, modifier: NONE,
        x: 47, y: 8, fg: Black, bg: White, underline: Reset, modifier: BOLD,
        x: 48, y: 8, fg: Reset, bg: Reset, underline: Reset, modifier: NONE,
        x: 49, y: 8, fg: Black, bg: White, underline: Reset, modifier: BOLD,
        x: 58, y: 8, fg: Reset, bg: Reset, underline: Reset, modifier: NONE,
        x: 59, y: 8, fg: Black, bg: White, underline: Reset, modifier: BOLD,
        x: 60, y: 8, fg: Reset, bg: Reset, underline: Reset, modifier: NONE,
        x: 61, y: 8, fg: Black, bg: White, underline: Reset, modifier: BOLD,
        x: 62, y: 8, fg: Reset, bg: Reset, underline: Reset, modifier: NONE,
        x: 63, y: 8, fg: Black, bg: White, underline: Reset, modifier: BOLD,
        x: 64, y: 8, fg: Reset, bg: Reset, underline: Reset, modifier: NONE,
        x: 65, y: 8, fg: Black, bg: White, underline: Reset, modifier: BOLD,
        x: 66, y: 8, fg: Reset, bg: Reset, underline: Reset, modifier: NONE,
        x: 67, y: 8, fg: Black, bg: White, underline: Reset, modifier: BOLD,
        x: 68, y: 8, fg: Reset, bg: Reset, underline: Reset, modifier: NONE,
        x: 69, y: 8, fg: Black, bg: White, underline: Reset, modifier: BOLD,
        x: 70, y: 8, fg: Reset, bg: Reset, underline: Reset, modifier: NONE,
        x: 71, y: 8, fg: Black, bg: White, underline: Reset, modifier: BOLD,
        x: 72, y: 8, fg: Reset, bg: Reset, underline: Reset, modifier: NONE,
        x: 73, y: 8, fg: Black, bg: White, underline: Reset, modifier: BOLD,
        x: 76, y: 8, fg: Reset, bg: Reset, underline: Reset, modifier: NONE,
        x: 77, y: 8, fg: Black, bg: White, underline: Reset, modifier: BOLD,
        x: 78, y: 8, fg: Reset, bg: Reset, underline: Reset, modifier: NONE,
        x: 79, y: 8, fg: Black, bg: White, underline: Reset, modifier: BOLD,
        x: 95, y: 8, fg: Black, bg: Gray, underline: Reset, modifier: NONE,
        x: 96, y: 8, fg: Reset, bg: Reset, underline: Reset, modifier: NONE,
        x: 24, y: 9, fg: Black, bg: Gray, underline: Reset, modifier: NONE,
        x: 25, y: 9, fg: Reset, bg: Gray, underline: Reset, modifier: NONE,
        x: 95, y: 9, fg: Black, bg: Gray, underline: Reset, modifier: NONE,
        x: 96, y: 9, fg: Reset, bg: Reset, underline: Reset, modifier: NONE,
        x: 24, y: 10, fg: Black, bg: Gray, underline: Reset, modifier: NONE,
        x: 25, y: 10, fg: Reset, bg: Gray, underline: Reset, modifier: NONE,
        x: 95, y: 10, fg: Black, bg: Gray, underline: Reset, modifier: NONE,
        x: 96, y: 10, fg: Reset, bg: Reset, underline: Reset, modifier: NONE,
        x: 24, y: 11, fg: Black, bg: Gray, underline: Reset, modifier: NONE,
        x: 25, y: 11, fg: Reset, bg: Gray, underline: Reset, modifier: NONE,
        x: 95, y: 11, fg: Black, bg: Gray, underline: Reset, modifier: NONE,
        x: 96, y: 11, fg: Reset, bg: Reset, underline: Reset, modifier: NONE,
        x: 24, y: 12, fg: Black, bg: Gray, underline: Reset, modifier: NONE,
        x: 25, y: 12, fg: Reset, bg: Gray, underline: Reset, modifier: NONE,
        x: 95, y: 12, fg: Black, bg: Gray, underline: Reset, modifier: NONE,
        x: 96, y: 12, fg: Reset, bg: Reset, underline: Reset, modifier: NONE,
        x: 24, y: 13, fg: Black, bg: Gray, underline: Reset, modifier: NONE,
        x: 25, y: 13, fg: Reset, bg: Gray, underline: Reset, modifier: NONE,
        x: 95, y: 13, fg: Black, bg: Gray, underline: Reset, modifier: NONE,
        x: 96, y: 13, fg: Reset, bg: Reset, underline: Reset, modifier: NONE,
        x: 24, y: 14, fg: Black, bg: Gray, underline: Reset, modifier: NONE,
        x: 25, y: 14, fg: Reset, bg: Gray, underline: Reset, modifier: NONE,
        x: 95, y: 14, fg: Black, bg: Gray, underline: Reset, modifier: NONE,
        x: 96, y: 14, fg: Reset, bg: Reset, underline: Reset, modifier: NONE,
        x: 24, y: 15, fg: Black, bg: Gray, underline: Reset, modifier: NONE,
        x: 25, y: 15, fg: Reset, bg: Gray, underline: Reset, modifier: NONE,
        x: 95, y: 15, fg: Black, bg: Gray, underline: Reset, modifier: NONE,
        x: 96, y: 15, fg: Reset, bg: Reset, underline: Reset, modifier: NONE,
        x: 24, y: 16, fg: Black, bg: Gray, underline: Reset, modifier: NONE,
        x: 25, y: 16, fg: Reset, bg: Gray, underline: Reset, modifier: NONE,
        x: 95, y: 16, fg: Black, bg: Gray, underline: Reset, modifier: NONE,
        x: 96, y: 16, fg: Reset, bg: Reset, underline: Reset, modifier: NONE,
        x: 24, y: 17, fg: Black, bg: Gray, underline: Reset, modifier: NONE,
        x: 25, y: 17, fg: Reset, bg: Gray, underline: Reset, modifier: NONE,
        x: 95, y: 17, fg: Black, bg: Gray, underline: Reset, modifier: NONE,
        x: 96, y: 17, fg: Reset, bg: Reset, underline: Reset, modifier: NONE,
        x: 24, y: 18, fg: Black, bg: Gray, underline: Reset, modifier: NONE,
        x: 25, y: 18, fg: Reset, bg: Gray, underline: Reset, modifier: NONE,
        x: 95, y: 18, fg: Black, bg: Gray, underline: Reset, modifier: NONE,
        x: 96, y: 18, fg: Reset, bg: Reset, underline: Reset, modifier: NONE,
        x: 24, y: 19, fg: Black, bg: Gray, underline: Reset, modifier: NONE,
        x: 25, y: 19, fg: Reset, bg: Gray, underline: Reset, modifier: NONE,
        x: 95, y: 19, fg: Black, bg: Gray, underline: Reset, modifier: NONE,
        x: 96, y: 19, fg: Reset, bg: Reset, underline: Reset, modifier: NONE,
        x: 24, y: 20, fg: Black, bg: Gray, underline: Reset, modifier: NONE,
        x: 25, y: 20, fg: Reset, bg: Gray, underline: Reset, modifier: NONE,
        x: 95, y: 20, fg: Black, bg: Gray, underline: Reset, modifier: NONE,
        x: 96, y: 20, fg: Reset, bg: Reset, underline: Reset, modifier: NONE,
        x: 24, y: 21, fg: Black, bg: Gray, underline: Reset, modifier: NONE,
        x: 25, y: 21, fg: Reset, bg: Gray, underline: Reset, modifier: NONE,
        x: 95, y: 21, fg: Black, bg: Gray, underline: Reset, modifier: NONE,
        x: 96, y: 21, fg: Reset, bg: Reset, underline: Reset, modifier: NONE,
        x: 24, y: 22, fg: Black, bg: Gray, underline: Reset, modifier: NONE,
        x: 25, y: 22, fg: Reset, bg: Gray, underline: Reset, modifier: NONE,
        x: 95, y: 22, fg: Black, bg: Gray, underline: Reset, modifier: NONE,
        x: 96, y: 22, fg: Reset, bg: Reset, underline: Reset, modifier: NONE,
        x: 24, y: 23, fg: Black, bg: Gray, underline: Reset, modifier: NONE,
        x: 25, y: 23, fg: Reset, bg: Gray, underline: Reset, modifier: NONE,
        x: 95, y: 23, fg: Black, bg: Gray, underline: Reset, modifier: NONE,
        x: 96, y: 23, fg: Reset, bg: Reset, underline: Reset, modifier: NONE,
        x: 24, y: 24, fg: Black, bg: Gray, underline: Reset, modifier: NONE,
        x: 96, y: 24, fg: Reset, bg: Reset, underline: Reset, modifier: NONE,
        x: 24, y: 25, fg: Black, bg: Gray, underline: Reset, modifier: NONE,
        x: 96, y: 25, fg: Reset, bg: Reset, underline: Reset, modifier: NONE,
        x: 24, y: 26, fg: Black, bg: Gray, underline: Reset, modifier: NONE,
        x: 35, y: 26, fg: Reset, bg: Reset, underline: Reset, modifier: NONE,
        x: 36, y: 26, fg: Black, bg: Gray, underline: Reset, modifier: NONE,
        x: 37, y: 26, fg: Reset, bg: Reset, underline: Reset, modifier: NONE,
        x: 38, y: 26, fg: Black, bg: Gray, underline: Reset, modifier: NONE,
        x: 39, y: 26, fg: Reset, bg: Reset, underline: Reset, modifier: NONE,
        x: 40, y: 26, fg: Black, bg: Gray, underline: Reset, modifier: NONE,
        x: 41, y: 26, fg: Reset, bg: Reset, underline: Reset, modifier: NONE,
        x: 42, y: 26, fg: Black, bg: Gray, underline: Reset, modifier: NONE,
        x: 43, y: 26, fg: Reset, bg: Reset, underline: Reset, modifier: NONE,
        x: 44, y: 26, fg: Black, bg: Gray, underline: Reset, modifier: NONE,
        x: 45, y: 26, fg: Reset, bg: Reset, underline: Reset, modifier: NONE,
        x: 46, y: 26, fg: Black, bg: Gray, underline: Reset, modifier: NONE,
        x: 47, y: 26, fg: Reset, bg: Reset, underline: Reset, modifier: NONE,
        x: 48, y: 26, fg: Black, bg: Gray, underline: Reset, modifier: NONE,
        x: 49, y: 26, fg: Reset, bg: Reset, underline: Reset, modifier: NONE,
        x: 50, y: 26, fg: Black, bg: Gray, underline: Reset, modifier: NONE,
        x: 51, y: 26, fg: Reset, bg: Reset, underline: Reset, modifier: NONE,
        x: 52, y: 26, fg: Black, bg: Gray, underline: Reset, modifier: NONE,
        x: 96, y: 26, fg: Reset, bg: Reset, underline: Reset, modifier: NONE,
        x: 24, y: 27, fg: Black, bg: Gray, underline: Reset, modifier: NONE,
        x: 40, y: 27, fg: Reset, bg: Reset, underline: Reset, modifier: NONE,
        x: 41, y: 27, fg: Black, bg: Gray, underline: Reset, modifier: NONE,
        x: 42, y: 27, fg: Reset, bg: Reset, underline: Reset, modifier: NONE,
        x: 43, y: 27, fg: Black, bg: Gray, underline: Reset, modifier: NONE,
        x: 44, y: 27, fg: Reset, bg: Reset, underline: Reset, modifier: NONE,
        x: 45, y: 27, fg: Black, bg: Gray, underline: Reset, modifier: NONE,
        x: 46, y: 27, fg: Reset, bg: Reset, underline: Reset, modifier: NONE,
        x: 47, y: 27, fg: Black, bg: Gray, underline: Reset, modifier: NONE,
        x: 48, y: 27, fg: Reset, bg: Reset, underline: Reset, modifier: NONE,
        x: 49, y: 27, fg: Black, bg: Gray, underline: Reset, modifier: NONE,
        x: 50, y: 27, fg: Reset, bg: Reset, underline: Reset, modifier: NONE,
        x: 51, y: 27, fg: Black, bg: Gray, underline: Reset, modifier: NONE,
        x: 52, y: 27, fg: Reset, bg: Reset, underline: Reset, modifier: NONE,
        x: 53, y: 27, fg: Black, bg: Gray, underline: Reset, modifier: NONE,
        x: 54, y: 27, fg: Reset, bg: Reset, underline: Reset, modifier: NONE,
        x: 55, y: 27, fg: Black, bg: Gray, underline: Reset, modifier: NONE,
        x: 57, y: 27, fg: Reset, bg: Reset, underline: Reset, modifier: NONE,
        x: 58, y: 27, fg: Black, bg: Gray, underline: Reset, modifier: NONE,
        x: 59, y: 27, fg: Reset, bg: Reset, underline: Reset, modifier: NONE,
        x: 60, y: 27, fg: Black, bg: Gray, underline: Reset, modifier: NONE,
        x: 61, y: 27, fg: Reset, bg: Reset, underline: Reset, modifier: NONE,
        x: 62, y: 27, fg: Black, bg: Gray, underline: Reset, modifier: NONE,
        x: 96, y: 27, fg: Reset, bg: Reset, underline: Reset, modifier: NONE,
        x: 24, y: 28, fg: Black, bg: Gray, underline: Reset, modifier: NONE,
        x: 96, y: 28, fg: Reset, bg: Reset, underline: Reset, modifier: NONE,
        x: 24, y: 29, fg: Black, bg: Gray, underline: Reset, modifier: NONE,
        x: 96, y: 29, fg: Reset, bg: Reset, underline: Reset, modifier: NONE,
        x: 24, y: 30, fg: Black, bg: Gray, underline: Reset, modifier: NONE,
        x: 96, y: 30, fg: Reset, bg: Reset, underline: Reset, modifier: NONE,
        x: 24, y: 31, fg: Black, bg: Gray, underline: Reset, modifier: NONE,
        x: 96, y: 31, fg: Reset, bg: Reset, underline: Reset, modifier: NONE,
        x: 24, y: 32, fg: Black, bg: Gray, underline: Reset, modifier: NONE,
        x: 25, y: 32, fg: DarkGray, bg: Gray, underline: Reset, modifier: NONE,
        x: 95, y: 32, fg: Black, bg: Gray, underline: Reset, modifier: NONE,
        x: 96, y: 32, fg: Reset, bg: Reset, underline: Reset, modifier: NONE,
        x: 24, y: 33, fg: Black, bg: Gray, underline: Reset, modifier: NONE,
        x: 96, y: 33, fg: Reset, bg: Reset, underline: Reset, modifier: NONE,
    ]
}
