---
source: rwf-bin/src/ui/dialog/snapshot_tests/mod.rs
expression: "render_dialog_to_string(dialog, state, width, height)"
---
Buffer {
    area: Rect { x: 0, y: 0, width: 80, height: 24 },
    content: [
        "                                                                                ",
        "                                                                                ",
        "                                                                                ",
        "                                                                                ",
        "                                                                                ",
        "    ┌File Information──────────────────────────────────────────────────────┐    ",
        "    │  Name     link                                                       │    ",
        "    │  Path     /test/link                                                 │    ",
        "    │  Size     0 bytes                                                    │    ",
        "    │  Type     Symlink                                                    │    ",
        "    │  Target   /test/target.txt                                           │    ",
        "    │                                                                      │    ",
        "    │  Created  N/A                                                        │    ",
        "    │  Modified [TIMESTAMP]                                        │    ",
        "    │  Accessed N/A                                                        │    ",
        "    │                                                                      │    ",
        "    │                                                                      │    ",
        "    │  Enter/Esc: close                                                    │    ",
        "    └──────────────────────────────────────────────────────────────────────┘    ",
        "                                                                                ",
        "                                                                                ",
        "                                                                                ",
        "                                                                                ",
        "                                                                                ",
    ],
    styles: [
        x: 0, y: 0, fg: Reset, bg: Reset, underline: Reset, modifier: NONE,
        x: 4, y: 5, fg: Black, bg: Gray, underline: Reset, modifier: NONE,
        x: 5, y: 5, fg: Black, bg: Gray, underline: Reset, modifier: BOLD,
        x: 21, y: 5, fg: Black, bg: Gray, underline: Reset, modifier: NONE,
        x: 76, y: 5, fg: Reset, bg: Reset, underline: Reset, modifier: NONE,
        x: 4, y: 6, fg: Black, bg: Gray, underline: Reset, modifier: NONE,
        x: 5, y: 6, fg: Reset, bg: Gray, underline: Reset, modifier: NONE,
        x: 7, y: 6, fg: DarkGray, bg: Gray, underline: Reset, modifier: NONE,
        x: 16, y: 6, fg: Black, bg: Gray, underline: Reset, modifier: NONE,
        x: 73, y: 6, fg: Reset, bg: Gray, underline: Reset, modifier: NONE,
        x: 75, y: 6, fg: Black, bg: Gray, underline: Reset, modifier: NONE,
        x: 76, y: 6, fg: Reset, bg: Reset, underline: Reset, modifier: NONE,
        x: 4, y: 7, fg: Black, bg: Gray, underline: Reset, modifier: NONE,
        x: 5, y: 7, fg: Reset, bg: Gray, underline: Reset, modifier: NONE,
        x: 7, y: 7, fg: DarkGray, bg: Gray, underline: Reset, modifier: NONE,
        x: 16, y: 7, fg: Black, bg: Gray, underline: Reset, modifier: NONE,
        x: 73, y: 7, fg: Reset, bg: Gray, underline: Reset, modifier: NONE,
        x: 75, y: 7, fg: Black, bg: Gray, underline: Reset, modifier: NONE,
        x: 76, y: 7, fg: Reset, bg: Reset, underline: Reset, modifier: NONE,
        x: 4, y: 8, fg: Black, bg: Gray, underline: Reset, modifier: NONE,
        x: 5, y: 8, fg: Reset, bg: Gray, underline: Reset, modifier: NONE,
        x: 7, y: 8, fg: DarkGray, bg: Gray, underline: Reset, modifier: NONE,
        x: 16, y: 8, fg: Black, bg: Gray, underline: Reset, modifier: NONE,
        x: 73, y: 8, fg: Reset, bg: Gray, underline: Reset, modifier: NONE,
        x: 75, y: 8, fg: Black, bg: Gray, underline: Reset, modifier: NONE,
        x: 76, y: 8, fg: Reset, bg: Reset, underline: Reset, modifier: NONE,
        x: 4, y: 9, fg: Black, bg: Gray, underline: Reset, modifier: NONE,
        x: 5, y: 9, fg: Reset, bg: Gray, underline: Reset, modifier: NONE,
        x: 7, y: 9, fg: DarkGray, bg: Gray, underline: Reset, modifier: NONE,
        x: 16, y: 9, fg: Black, bg: Gray, underline: Reset, modifier: NONE,
        x: 73, y: 9, fg: Reset, bg: Gray, underline: Reset, modifier: NONE,
        x: 75, y: 9, fg: Black, bg: Gray, underline: Reset, modifier: NONE,
        x: 76, y: 9, fg: Reset, bg: Reset, underline: Reset, modifier: NONE,
        x: 4, y: 10, fg: Black, bg: Gray, underline: Reset, modifier: NONE,
        x: 5, y: 10, fg: Reset, bg: Gray, underline: Reset, modifier: NONE,
        x: 7, y: 10, fg: DarkGray, bg: Gray, underline: Reset, modifier: NONE,
        x: 16, y: 10, fg: Black, bg: Gray, underline: Reset, modifier: NONE,
        x: 73, y: 10, fg: Reset, bg: Gray, underline: Reset, modifier: NONE,
        x: 75, y: 10, fg: Black, bg: Gray, underline: Reset, modifier: NONE,
        x: 76, y: 10, fg: Reset, bg: Reset, underline: Reset, modifier: NONE,
        x: 4, y: 11, fg: Black, bg: Gray, underline: Reset, modifier: NONE,
        x: 5, y: 11, fg: Reset, bg: Gray, underline: Reset, modifier: NONE,
        x: 75, y: 11, fg: Black, bg: Gray, underline: Reset, modifier: NONE,
        x: 76, y: 11, fg: Reset, bg: Reset, underline: Reset, modifier: NONE,
        x: 4, y: 12, fg: Black, bg: Gray, underline: Reset, modifier: NONE,
        x: 5, y: 12, fg: Reset, bg: Gray, underline: Reset, modifier: NONE,
        x: 7, y: 12, fg: DarkGray, bg: Gray, underline: Reset, modifier: NONE,
        x: 16, y: 12, fg: Black, bg: Gray, underline: Reset, modifier: NONE,
        x: 73, y: 12, fg: Reset, bg: Gray, underline: Reset, modifier: NONE,
        x: 75, y: 12, fg: Black, bg: Gray, underline: Reset, modifier: NONE,
        x: 76, y: 12, fg: Reset, bg: Reset, underline: Reset, modifier: NONE,
        x: 4, y: 13, fg: Black, bg: Gray, underline: Reset, modifier: NONE,
        x: 5, y: 13, fg: Reset, bg: Gray, underline: Reset, modifier: NONE,
        x: 7, y: 13, fg: DarkGray, bg: Gray, underline: Reset, modifier: NONE,
        x: 16, y: 13, fg: Black, bg: Gray, underline: Reset, modifier: NONE,
        x: 73, y: 13, fg: Reset, bg: Gray, underline: Reset, modifier: NONE,
        x: 75, y: 13, fg: Black, bg: Gray, underline: Reset, modifier: NONE,
        x: 76, y: 13, fg: Reset, bg: Reset, underline: Reset, modifier: NONE,
        x: 4, y: 14, fg: Black, bg: Gray, underline: Reset, modifier: NONE,
        x: 5, y: 14, fg: Reset, bg: Gray, underline: Reset, modifier: NONE,
        x: 7, y: 14, fg: DarkGray, bg: Gray, underline: Reset, modifier: NONE,
        x: 16, y: 14, fg: Black, bg: Gray, underline: Reset, modifier: NONE,
        x: 73, y: 14, fg: Reset, bg: Gray, underline: Reset, modifier: NONE,
        x: 75, y: 14, fg: Black, bg: Gray, underline: Reset, modifier: NONE,
        x: 76, y: 14, fg: Reset, bg: Reset, underline: Reset, modifier: NONE,
        x: 4, y: 15, fg: Black, bg: Gray, underline: Reset, modifier: NONE,
        x: 5, y: 15, fg: Reset, bg: Gray, underline: Reset, modifier: NONE,
        x: 75, y: 15, fg: Black, bg: Gray, underline: Reset, modifier: NONE,
        x: 76, y: 15, fg: Reset, bg: Reset, underline: Reset, modifier: NONE,
        x: 4, y: 16, fg: Black, bg: Gray, underline: Reset, modifier: NONE,
        x: 5, y: 16, fg: Reset, bg: Gray, underline: Reset, modifier: NONE,
        x: 75, y: 16, fg: Black, bg: Gray, underline: Reset, modifier: NONE,
        x: 76, y: 16, fg: Reset, bg: Reset, underline: Reset, modifier: NONE,
        x: 4, y: 17, fg: Black, bg: Gray, underline: Reset, modifier: NONE,
        x: 5, y: 17, fg: Reset, bg: Gray, underline: Reset, modifier: NONE,
        x: 7, y: 17, fg: DarkGray, bg: Gray, underline: Reset, modifier: NONE,
        x: 73, y: 17, fg: Reset, bg: Gray, underline: Reset, modifier: NONE,
        x: 75, y: 17, fg: Black, bg: Gray, underline: Reset, modifier: NONE,
        x: 76, y: 17, fg: Reset, bg: Reset, underline: Reset, modifier: NONE,
        x: 4, y: 18, fg: Black, bg: Gray, underline: Reset, modifier: NONE,
        x: 76, y: 18, fg: Reset, bg: Reset, underline: Reset, modifier: NONE,
    ]
}
