---
source: rwf-bin/src/ui/dialog/snapshot_tests/mod.rs
expression: "render_dialog_to_string(dialog, state, width, height)"
---
Buffer {
    area: Rect { x: 0, y: 0, width: 120, height: 40 },
    content: [
        "                                                                                                                        ",
        "                                                                                                                        ",
        "                                                                                                                        ",
        "                                                                                                                        ",
        "                                                                                                                        ",
        "                                                                                                                        ",
        "                                                                                                                        ",
        "                                                                                                                        ",
        "                                                                                                                        ",
        "                                                                                                                        ",
        "                                                                                                                        ",
        "                                                                                                                        ",
        "                                                                                                                        ",
        "                                                                                                                        ",
        "                                                                                                                        ",
        "                                                                                                                        ",
        "                        ┌File Not Found────────────────────────────────────────────────────────┐                        ",
        "                        │The file or directory could not be found:                             │                        ",
        "                        │/home/user/nonexistent_file.txt                                       │                        ",
        "                        │                                                                      │                        ",
        "                        │                                                                      │                        ",
        "                        │                                                                      │                        ",
        "                        └──────────────────────────────────────────────────────────────────────┘                        ",
        "                                                         [*OK*]                                                         ",
        "                                                                                                                        ",
        "                                                                                                                        ",
        "                                                                                                                        ",
        "                                                                                                                        ",
        "                                                                                                                        ",
        "                                                                                                                        ",
        "                                                                                                                        ",
        "                                                                                                                        ",
        "                                                                                                                        ",
        "                                                                                                                        ",
        "                                                                                                                        ",
        "                                                                                                                        ",
        "                                                                                                                        ",
        "                                                                                                                        ",
        "                                                                                                                        ",
        "                                                                                                                        ",
    ],
    styles: [
        x: 0, y: 0, fg: Reset, bg: Reset, underline: Reset, modifier: NONE,
        x: 24, y: 16, fg: Black, bg: Gray, underline: Reset, modifier: NONE,
        x: 25, y: 16, fg: Black, bg: Gray, underline: Reset, modifier: BOLD,
        x: 39, y: 16, fg: Black, bg: Gray, underline: Reset, modifier: NONE,
        x: 96, y: 16, fg: Reset, bg: Reset, underline: Reset, modifier: NONE,
        x: 24, y: 17, fg: Black, bg: Gray, underline: Reset, modifier: NONE,
        x: 25, y: 17, fg: Reset, bg: Gray, underline: Reset, modifier: NONE,
        x: 95, y: 17, fg: Black, bg: Gray, underline: Reset, modifier: NONE,
        x: 96, y: 17, fg: Reset, bg: Reset, underline: Reset, modifier: NONE,
        x: 24, y: 18, fg: Black, bg: Gray, underline: Reset, modifier: NONE,
        x: 25, y: 18, fg: Reset, bg: Gray, underline: Reset, modifier: NONE,
        x: 95, y: 18, fg: Black, bg: Gray, underline: Reset, modifier: NONE,
        x: 96, y: 18, fg: Reset, bg: Reset, underline: Reset, modifier: NONE,
        x: 24, y: 19, fg: Black, bg: Gray, underline: Reset, modifier: NONE,
        x: 25, y: 19, fg: Reset, bg: Gray, underline: Reset, modifier: NONE,
        x: 95, y: 19, fg: Black, bg: Gray, underline: Reset, modifier: NONE,
        x: 96, y: 19, fg: Reset, bg: Reset, underline: Reset, modifier: NONE,
        x: 24, y: 20, fg: Black, bg: Gray, underline: Reset, modifier: NONE,
        x: 25, y: 20, fg: Reset, bg: Gray, underline: Reset, modifier: NONE,
        x: 95, y: 20, fg: Black, bg: Gray, underline: Reset, modifier: NONE,
        x: 96, y: 20, fg: Reset, bg: Reset, underline: Reset, modifier: NONE,
        x: 24, y: 21, fg: Black, bg: Gray, underline: Reset, modifier: NONE,
        x: 25, y: 21, fg: Reset, bg: Gray, underline: Reset, modifier: NONE,
        x: 95, y: 21, fg: Black, bg: Gray, underline: Reset, modifier: NONE,
        x: 96, y: 21, fg: Reset, bg: Reset, underline: Reset, modifier: NONE,
        x: 24, y: 22, fg: Black, bg: Gray, underline: Reset, modifier: NONE,
        x: 96, y: 22, fg: Reset, bg: Reset, underline: Reset, modifier: NONE,
        x: 57, y: 23, fg: Black, bg: White, underline: Reset, modifier: NONE,
        x: 63, y: 23, fg: Reset, bg: Reset, underline: Reset, modifier: NONE,
    ]
}
