---
source: rwf-bin/src/ui/dialog/snapshot_tests/mod.rs
expression: "render_dialog_to_string(dialog, state, width, height)"
---
Buffer {
    area: Rect { x: 0, y: 0, width: 120, height: 40 },
    content: [
        "                                                                                                                        ",
        "                                                                                                                        ",
        "                                                                                                                        ",
        "                                                                                                                        ",
        "                                                                                                                        ",
        "                                                                                                                        ",
        "                                                                                                                        ",
        "            ┌Move - File Conflict (2/3)────────────────────────────────────────────────────────────────────┐            ",
        "            │  Filename: b.txt                                                                             │            ",
        "            │  From:                                                                                       │            ",
        "            │    /test/src/b.txt                                                                           │            ",
        "            │                                                                                              │            ",
        "            │    Size,Date: 100 Bytes, [TIMESTAMP]                                                 │            ",
        "            │                                                                                              │            ",
        "            │  To:                                                                                         │            ",
        "            │    /test/dst/b.txt                                                                           │            ",
        "            │                                                                                              │            ",
        "            │    Size,Date: 200 Bytes, [TIMESTAMP]                                                 │            ",
        "            │                                                                                              │            ",
        "            │  ⚠ Different size (Source: 100 B, Dest: 200 B)                                               │            ",
        "            │                                                                                              │            ",
        "            │  [Force Overwrite]                                                                           │            ",
        "            │  [Overwrite if New]                                                                          │            ",
        "            │  [Skip]                                                                                      │            ",
        "            │  Rename: b.txt█                                                                              │            ",
        "            │  [Cancel]                                                                                    │            ",
        "            │                                                                                              │            ",
        "            │                                                                                              │            ",
        "            │                                                                                              │            ",
        "            │                                                                                              │            ",
        "            │                                                                                              │            ",
        "            │                                                                                              │            ",
        "            └──────────────────────────────────────────────────────────────────────────────────────────────┘            ",
        "                                                                                                                        ",
        "                                                                                                                        ",
        "                                                                                                                        ",
        "                                                                                                                        ",
        "                                                                                                                        ",
        "                                                                                                                        ",
        "                                                                                                                        ",
    ],
    styles: [
        x: 0, y: 0, fg: Reset, bg: Reset, underline: Reset, modifier: NONE,
        x: 12, y: 7, fg: Black, bg: Gray, underline: Reset, modifier: NONE,
        x: 13, y: 7, fg: Black, bg: Gray, underline: Reset, modifier: BOLD,
        x: 39, y: 7, fg: Black, bg: Gray, underline: Reset, modifier: NONE,
        x: 108, y: 7, fg: Reset, bg: Reset, underline: Reset, modifier: NONE,
        x: 12, y: 8, fg: Black, bg: Gray, underline: Reset, modifier: NONE,
        x: 13, y: 8, fg: Reset, bg: Gray, underline: Reset, modifier: NONE,
        x: 15, y: 8, fg: Black, bg: Gray, underline: Reset, modifier: NONE,
        x: 105, y: 8, fg: Reset, bg: Gray, underline: Reset, modifier: NONE,
        x: 107, y: 8, fg: Black, bg: Gray, underline: Reset, modifier: NONE,
        x: 108, y: 8, fg: Reset, bg: Reset, underline: Reset, modifier: NONE,
        x: 12, y: 9, fg: Black, bg: Gray, underline: Reset, modifier: NONE,
        x: 13, y: 9, fg: Reset, bg: Gray, underline: Reset, modifier: NONE,
        x: 15, y: 9, fg: Black, bg: Gray, underline: Reset, modifier: NONE,
        x: 105, y: 9, fg: Reset, bg: Gray, underline: Reset, modifier: NONE,
        x: 107, y: 9, fg: Black, bg: Gray, underline: Reset, modifier: NONE,
        x: 108, y: 9, fg: Reset, bg: Reset, underline: Reset, modifier: NONE,
        x: 12, y: 10, fg: Black, bg: Gray, underline: Reset, modifier: NONE,
        x: 13, y: 10, fg: Reset, bg: Gray, underline: Reset, modifier: NONE,
        x: 17, y: 10, fg: Black, bg: Gray, underline: Reset, modifier: NONE,
        x: 105, y: 10, fg: Reset, bg: Gray, underline: Reset, modifier: NONE,
        x: 107, y: 10, fg: Black, bg: Gray, underline: Reset, modifier: NONE,
        x: 108, y: 10, fg: Reset, bg: Reset, underline: Reset, modifier: NONE,
        x: 12, y: 11, fg: Black, bg: Gray, underline: Reset, modifier: NONE,
        x: 13, y: 11, fg: Reset, bg: Gray, underline: Reset, modifier: NONE,
        x: 17, y: 11, fg: Black, bg: Gray, underline: Reset, modifier: NONE,
        x: 105, y: 11, fg: Reset, bg: Gray, underline: Reset, modifier: NONE,
        x: 107, y: 11, fg: Black, bg: Gray, underline: Reset, modifier: NONE,
        x: 108, y: 11, fg: Reset, bg: Reset, underline: Reset, modifier: NONE,
        x: 12, y: 12, fg: Black, bg: Gray, underline: Reset, modifier: NONE,
        x: 13, y: 12, fg: Reset, bg: Gray, underline: Reset, modifier: NONE,
        x: 15, y: 12, fg: Black, bg: Gray, underline: Reset, modifier: NONE,
        x: 105, y: 12, fg: Reset, bg: Gray, underline: Reset, modifier: NONE,
        x: 107, y: 12, fg: Black, bg: Gray, underline: Reset, modifier: NONE,
        x: 108, y: 12, fg: Reset, bg: Reset, underline: Reset, modifier: NONE,
        x: 12, y: 13, fg: Black, bg: Gray, underline: Reset, modifier: NONE,
        x: 13, y: 13, fg: Reset, bg: Gray, underline: Reset, modifier: NONE,
        x: 107, y: 13, fg: Black, bg: Gray, underline: Reset, modifier: NONE,
        x: 108, y: 13, fg: Reset, bg: Reset, underline: Reset, modifier: NONE,
        x: 12, y: 14, fg: Black, bg: Gray, underline: Reset, modifier: NONE,
        x: 13, y: 14, fg: Reset, bg: Gray, underline: Reset, modifier: NONE,
        x: 15, y: 14, fg: Black, bg: Gray, underline: Reset, modifier: NONE,
        x: 105, y: 14, fg: Reset, bg: Gray, underline: Reset, modifier: NONE,
        x: 107, y: 14, fg: Black, bg: Gray, underline: Reset, modifier: NONE,
        x: 108, y: 14, fg: Reset, bg: Reset, underline: Reset, modifier: NONE,
        x: 12, y: 15, fg: Black, bg: Gray, underline: Reset, modifier: NONE,
        x: 13, y: 15, fg: Reset, bg: Gray, underline: Reset, modifier: NONE,
        x: 17, y: 15, fg: Black, bg: Gray, underline: Reset, modifier: NONE,
        x: 105, y: 15, fg: Reset, bg: Gray, underline: Reset, modifier: NONE,
        x: 107, y: 15, fg: Black, bg: Gray, underline: Reset, modifier: NONE,
        x: 108, y: 15, fg: Reset, bg: Reset, underline: Reset, modifier: NONE,
        x: 12, y: 16, fg: Black, bg: Gray, underline: Reset, modifier: NONE,
        x: 13, y: 16, fg: Reset, bg: Gray, underline: Reset, modifier: NONE,
        x: 17, y: 16, fg: Black, bg: Gray, underline: Reset, modifier: NONE,
        x: 105, y: 16, fg: Reset, bg: Gray, underline: Reset, modifier: NONE,
        x: 107, y: 16, fg: Black, bg: Gray, underline: Reset, modifier: NONE,
        x: 108, y: 16, fg: Reset, bg: Reset, underline: Reset, modifier: NONE,
        x: 12, y: 17, fg: Black, bg: Gray, underline: Reset, modifier: NONE,
        x: 13, y: 17, fg: Reset, bg: Gray, underline: Reset, modifier: NONE,
        x: 15, y: 17, fg: Black, bg: Gray, underline: Reset, modifier: NONE,
        x: 105, y: 17, fg: Reset, bg: Gray, underline: Reset, modifier: NONE,
        x: 107, y: 17, fg: Black, bg: Gray, underline: Reset, modifier: NONE,
        x: 108, y: 17, fg: Reset, bg: Reset, underline: Reset, modifier: NONE,
        x: 12, y: 18, fg: Black, bg: Gray, underline: Reset, modifier: NONE,
        x: 13, y: 18, fg: Reset, bg: Gray, underline: Reset, modifier: NONE,
        x: 107, y: 18, fg: Black, bg: Gray, underline: Reset, modifier: NONE,
        x: 108, y: 18, fg: Reset, bg: Reset, underline: Reset, modifier: NONE,
        x: 12, y: 19, fg: Black, bg: Gray, underline: Reset, modifier: NONE,
        x: 13, y: 19, fg: Reset, bg: Gray, underline: Reset, modifier: NONE,
        x: 15, y: 19, fg: Yellow, bg: Gray, underline: Reset, modifier: NONE,
        x: 105, y: 19, fg: Reset, bg: Gray, underline: Reset, modifier: NONE,
        x: 107, y: 19, fg: Black, bg: Gray, underline: Reset, modifier: NONE,
        x: 108, y: 19, fg: Reset, bg: Reset, underline: Reset, modifier: NONE,
        x: 12, y: 20, fg: Black, bg: Gray, underline: Reset, modifier: NONE,
        x: 13, y: 20, fg: Reset, bg: Gray, underline: Reset, modifier: NONE,
        x: 107, y: 20, fg: Black, bg: Gray, underline: Reset, modifier: NONE,
        x: 108, y: 20, fg: Reset, bg: Reset, underline: Reset, modifier: NONE,
        x: 12, y: 21, fg: Black, bg: Gray, underline: Reset, modifier: NONE,
        x: 13, y: 21, fg: Reset, bg: Gray, underline: Reset, modifier: NONE,
        x: 15, y: 21, fg: Black, bg: Gray, underline: Reset, modifier: NONE,
        x: 32, y: 21, fg: Reset, bg: Gray, underline: Reset, modifier: NONE,
        x: 107, y: 21, fg: Black, bg: Gray, underline: Reset, modifier: NONE,
        x: 108, y: 21, fg: Reset, bg: Reset, underline: Reset, modifier: NONE,
        x: 12, y: 22, fg: Black, bg: Gray, underline: Reset, modifier: NONE,
        x: 13, y: 22, fg: Reset, bg: Gray, underline: Reset, modifier: NONE,
        x: 15, y: 22, fg: Black, bg: Gray, underline: Reset, modifier: NONE,
        x: 33, y: 22, fg: Reset, bg: Gray, underline: Reset, modifier: NONE,
        x: 107, y: 22, fg: Black, bg: Gray, underline: Reset, modifier: NONE,
        x: 108, y: 22, fg: Reset, bg: Reset, underline: Reset, modifier: NONE,
        x: 12, y: 23, fg: Black, bg: Gray, underline: Reset, modifier: NONE,
        x: 13, y: 23, fg: Reset, bg: Gray, underline: Reset, modifier: NONE,
        x: 15, y: 23, fg: Black, bg: Gray, underline: Reset, modifier: NONE,
        x: 21, y: 23, fg: Reset, bg: Gray, underline: Reset, modifier: NONE,
        x: 107, y: 23, fg: Black, bg: Gray, underline: Reset, modifier: NONE,
        x: 108, y: 23, fg: Reset, bg: Reset, underline: Reset, modifier: NONE,
        x: 12, y: 24, fg: Black, bg: Gray, underline: Reset, modifier: NONE,
        x: 13, y: 24, fg: Reset, bg: Gray, underline: Reset, modifier: NONE,
        x: 15, y: 24, fg: Yellow, bg: Gray, underline: Reset, modifier: BOLD,
        x: 22, y: 24, fg: Reset, bg: Gray, underline: Reset, modifier: NONE,
        x: 23, y: 24, fg: Black, bg: White, underline: Reset, modifier: NONE,
        x: 28, y: 24, fg: Black, bg: Cyan, underline: Reset, modifier: BOLD,
        x: 29, y: 24, fg: Black, bg: White, underline: Reset, modifier: NONE,
        x: 90, y: 24, fg: Reset, bg: Gray, underline: Reset, modifier: NONE,
        x: 107, y: 24, fg: Black, bg: Gray, underline: Reset, modifier: NONE,
        x: 108, y: 24, fg: Reset, bg: Reset, underline: Reset, modifier: NONE,
        x: 12, y: 25, fg: Black, bg: Gray, underline: Reset, modifier: NONE,
        x: 13, y: 25, fg: Reset, bg: Gray, underline: Reset, modifier: NONE,
        x: 15, y: 25, fg: Black, bg: Gray, underline: Reset, modifier: NONE,
        x: 23, y: 25, fg: Reset, bg: Gray, underline: Reset, modifier: NONE,
        x: 107, y: 25, fg: Black, bg: Gray, underline: Reset, modifier: NONE,
        x: 108, y: 25, fg: Reset, bg: Reset, underline: Reset, modifier: NONE,
        x: 12, y: 26, fg: Black, bg: Gray, underline: Reset, modifier: NONE,
        x: 13, y: 26, fg: Reset, bg: Gray, underline: Reset, modifier: NONE,
        x: 107, y: 26, fg: Black, bg: Gray, underline: Reset, modifier: NONE,
        x: 108, y: 26, fg: Reset, bg: Reset, underline: Reset, modifier: NONE,
        x: 12, y: 27, fg: Black, bg: Gray, underline: Reset, modifier: NONE,
        x: 13, y: 27, fg: Reset, bg: Gray, underline: Reset, modifier: NONE,
        x: 107, y: 27, fg: Black, bg: Gray, underline: Reset, modifier: NONE,
        x: 108, y: 27, fg: Reset, bg: Reset, underline: Reset, modifier: NONE,
        x: 12, y: 28, fg: Black, bg: Gray, underline: Reset, modifier: NONE,
        x: 13, y: 28, fg: Reset, bg: Gray, underline: Reset, modifier: NONE,
        x: 107, y: 28, fg: Black, bg: Gray, underline: Reset, modifier: NONE,
        x: 108, y: 28, fg: Reset, bg: Reset, underline: Reset, modifier: NONE,
        x: 12, y: 29, fg: Black, bg: Gray, underline: Reset, modifier: NONE,
        x: 13, y: 29, fg: Reset, bg: Gray, underline: Reset, modifier: NONE,
        x: 107, y: 29, fg: Black, bg: Gray, underline: Reset, modifier: NONE,
        x: 108, y: 29, fg: Reset, bg: Reset, underline: Reset, modifier: NONE,
        x: 12, y: 30, fg: Black, bg: Gray, underline: Reset, modifier: NONE,
        x: 13, y: 30, fg: Reset, bg: Gray, underline: Reset, modifier: NONE,
        x: 107, y: 30, fg: Black, bg: Gray, underline: Reset, modifier: NONE,
        x: 108, y: 30, fg: Reset, bg: Reset, underline: Reset, modifier: NONE,
        x: 12, y: 31, fg: Black, bg: Gray, underline: Reset, modifier: NONE,
        x: 13, y: 31, fg: Reset, bg: Gray, underline: Reset, modifier: NONE,
        x: 107, y: 31, fg: Black, bg: Gray, underline: Reset, modifier: NONE,
        x: 108, y: 31, fg: Reset, bg: Reset, underline: Reset, modifier: NONE,
        x: 12, y: 32, fg: Black, bg: Gray, underline: Reset, modifier: NONE,
        x: 108, y: 32, fg: Reset, bg: Reset, underline: Reset, modifier: NONE,
    ]
}
