---
source: rwf-bin/src/ui/dialog/snapshot_tests/mod.rs
expression: "render_dialog_to_string(dialog, state, width, height)"
---
Buffer {
    area: Rect { x: 0, y: 0, width: 120, height: 40 },
    content: [
        "                                                                                                                        ",
        "                                                                                                                        ",
        "                                                                                                                        ",
        "                                                                                                                        ",
        "                                                                                                                        ",
        "                                                                                                                        ",
        "                                                                                                                        ",
        "                                                                                                                        ",
        "                                                                                                                        ",
        "                                                                                                                        ",
        "                                                                                                                        ",
        "                                                                                                                        ",
        "                                                                                                                        ",
        "                                                                                                                        ",
        "                        ┌Type Mismatch Warning─────────────────────────────────────────────────┐                        ",
        "                        │/test/document.docx                                                   │                        ",
        "                        │                                                                      │                        ",
        "                        │Detected type: ELF executable                                         │                        ",
        "                        │                                                                      │                        ",
        "                        │This looks like a ELF executable but the extension suggests otherwise.│                        ",
        "                        │Run the command anyway?                                               │                        ",
        "                        │                                                                      │                        ",
        "                        │                                                                      │                        ",
        "                        │                          [*Run*]  [Cancel]                           │                        ",
        "                        │                                                                      │                        ",
        "                        └──────────────────────────────────────────────────────────────────────┘                        ",
        "                                                                                                                        ",
        "                                                                                                                        ",
        "                                                                                                                        ",
        "                                                                                                                        ",
        "                                                                                                                        ",
        "                                                                                                                        ",
        "                                                                                                                        ",
        "                                                                                                                        ",
        "                                                                                                                        ",
        "                                                                                                                        ",
        "                                                                                                                        ",
        "                                                                                                                        ",
        "                                                                                                                        ",
        "                                                                                                                        ",
    ],
    styles: [
        x: 0, y: 0, fg: Reset, bg: Reset, underline: Reset, modifier: NONE,
        x: 24, y: 14, fg: Black, bg: Gray, underline: Reset, modifier: NONE,
        x: 25, y: 14, fg: Black, bg: Gray, underline: Reset, modifier: BOLD,
        x: 46, y: 14, fg: Black, bg: Gray, underline: Reset, modifier: NONE,
        x: 96, y: 14, fg: Reset, bg: Reset, underline: Reset, modifier: NONE,
        x: 24, y: 15, fg: Black, bg: Gray, underline: Reset, modifier: NONE,
        x: 44, y: 15, fg: Reset, bg: Gray, underline: Reset, modifier: NONE,
        x: 95, y: 15, fg: Black, bg: Gray, underline: Reset, modifier: NONE,
        x: 96, y: 15, fg: Reset, bg: Reset, underline: Reset, modifier: NONE,
        x: 24, y: 16, fg: Black, bg: Gray, underline: Reset, modifier: NONE,
        x: 25, y: 16, fg: Reset, bg: Gray, underline: Reset, modifier: NONE,
        x: 95, y: 16, fg: Black, bg: Gray, underline: Reset, modifier: NONE,
        x: 96, y: 16, fg: Reset, bg: Reset, underline: Reset, modifier: NONE,
        x: 24, y: 17, fg: Black, bg: Gray, underline: Reset, modifier: NONE,
        x: 25, y: 17, fg: DarkGray, bg: Gray, underline: Reset, modifier: NONE,
        x: 54, y: 17, fg: Reset, bg: Gray, underline: Reset, modifier: NONE,
        x: 95, y: 17, fg: Black, bg: Gray, underline: Reset, modifier: NONE,
        x: 96, y: 17, fg: Reset, bg: Reset, underline: Reset, modifier: NONE,
        x: 24, y: 18, fg: Black, bg: Gray, underline: Reset, modifier: NONE,
        x: 25, y: 18, fg: Reset, bg: Gray, underline: Reset, modifier: NONE,
        x: 95, y: 18, fg: Black, bg: Gray, underline: Reset, modifier: NONE,
        x: 96, y: 18, fg: Reset, bg: Reset, underline: Reset, modifier: NONE,
        x: 24, y: 19, fg: Black, bg: Gray, underline: Reset, modifier: NONE,
        x: 96, y: 19, fg: Reset, bg: Reset, underline: Reset, modifier: NONE,
        x: 24, y: 20, fg: Black, bg: Gray, underline: Reset, modifier: NONE,
        x: 48, y: 20, fg: Reset, bg: Gray, underline: Reset, modifier: NONE,
        x: 95, y: 20, fg: Black, bg: Gray, underline: Reset, modifier: NONE,
        x: 96, y: 20, fg: Reset, bg: Reset, underline: Reset, modifier: NONE,
        x: 24, y: 21, fg: Black, bg: Gray, underline: Reset, modifier: NONE,
        x: 25, y: 21, fg: Reset, bg: Gray, underline: Reset, modifier: NONE,
        x: 95, y: 21, fg: Black, bg: Gray, underline: Reset, modifier: NONE,
        x: 96, y: 21, fg: Reset, bg: Reset, underline: Reset, modifier: NONE,
        x: 24, y: 22, fg: Black, bg: Gray, underline: Reset, modifier: NONE,
        x: 25, y: 22, fg: Reset, bg: Gray, underline: Reset, modifier: NONE,
        x: 95, y: 22, fg: Black, bg: Gray, underline: Reset, modifier: NONE,
        x: 96, y: 22, fg: Reset, bg: Reset, underline: Reset, modifier: NONE,
        x: 24, y: 23, fg: Black, bg: Gray, underline: Reset, modifier: NONE,
        x: 25, y: 23, fg: Reset, bg: Gray, underline: Reset, modifier: NONE,
        x: 51, y: 23, fg: Black, bg: White, underline: Reset, modifier: NONE,
        x: 58, y: 23, fg: Reset, bg: Gray, underline: Reset, modifier: NONE,
        x: 60, y: 23, fg: Black, bg: Gray, underline: Reset, modifier: NONE,
        x: 68, y: 23, fg: Reset, bg: Gray, underline: Reset, modifier: NONE,
        x: 95, y: 23, fg: Black, bg: Gray, underline: Reset, modifier: NONE,
        x: 96, y: 23, fg: Reset, bg: Reset, underline: Reset, modifier: NONE,
        x: 24, y: 24, fg: Black, bg: Gray, underline: Reset, modifier: NONE,
        x: 25, y: 24, fg: Reset, bg: Gray, underline: Reset, modifier: NONE,
        x: 95, y: 24, fg: Black, bg: Gray, underline: Reset, modifier: NONE,
        x: 96, y: 24, fg: Reset, bg: Reset, underline: Reset, modifier: NONE,
        x: 24, y: 25, fg: Black, bg: Gray, underline: Reset, modifier: NONE,
        x: 96, y: 25, fg: Reset, bg: Reset, underline: Reset, modifier: NONE,
    ]
}
