---
source: rwf-bin/src/ui/dialog/snapshot_tests/mod.rs
expression: "render_dialog_to_string(dialog, state, width, height)"
---
Buffer {
    area: Rect { x: 0, y: 0, width: 80, height: 24 },
    content: [
        "                                                                                ",
        "                                                                                ",
        "                                                                                ",
        "                                                                                ",
        "                ┌Diagnostic Report─────────────────────────────┐                ",
        "                │  What happened? (problem / expected behavio  │                ",
        "                │  The pane froze after Ctrl+C.                │                ",
        "                │  Expected: cancel the job.                   │                ",
        "                │  Got: nothing happened.█                     │                ",
        "                │                                              │                ",
        "                │                                              │                ",
        "                │                                              │                ",
        "                │                                              │                ",
        "                │                                              │                ",
        "                │                                              │                ",
        "                │                                              │                ",
        "                │                                              │                ",
        "                │                                              │                ",
        "                │  Ctrl+S confirm, Enter newline, Esc cancel   │                ",
        "                └──────────────────────────────────────────────┘                ",
        "                                                                                ",
        "                                                                                ",
        "                                                                                ",
        "                                                                                ",
    ],
    styles: [
        x: 0, y: 0, fg: Reset, bg: Reset, underline: Reset, modifier: NONE,
        x: 16, y: 4, fg: Black, bg: Gray, underline: Reset, modifier: NONE,
        x: 17, y: 4, fg: Black, bg: Gray, underline: Reset, modifier: BOLD,
        x: 34, y: 4, fg: Black, bg: Gray, underline: Reset, modifier: NONE,
        x: 64, y: 4, fg: Reset, bg: Reset, underline: Reset, modifier: NONE,
        x: 16, y: 5, fg: Black, bg: Gray, underline: Reset, modifier: NONE,
        x: 17, y: 5, fg: Reset, bg: Gray, underline: Reset, modifier: NONE,
        x: 19, y: 5, fg: Black, bg: Gray, underline: Reset, modifier: NONE,
        x: 61, y: 5, fg: Reset, bg: Gray, underline: Reset, modifier: NONE,
        x: 63, y: 5, fg: Black, bg: Gray, underline: Reset, modifier: NONE,
        x: 64, y: 5, fg: Reset, bg: Reset, underline: Reset, modifier: NONE,
        x: 16, y: 6, fg: Black, bg: Gray, underline: Reset, modifier: NONE,
        x: 17, y: 6, fg: Reset, bg: Gray, underline: Reset, modifier: NONE,
        x: 19, y: 6, fg: Black, bg: White, underline: Reset, modifier: NONE,
        x: 61, y: 6, fg: Reset, bg: Gray, underline: Reset, modifier: NONE,
        x: 63, y: 6, fg: Black, bg: Gray, underline: Reset, modifier: NONE,
        x: 64, y: 6, fg: Reset, bg: Reset, underline: Reset, modifier: NONE,
        x: 16, y: 7, fg: Black, bg: Gray, underline: Reset, modifier: NONE,
        x: 17, y: 7, fg: Reset, bg: Gray, underline: Reset, modifier: NONE,
        x: 19, y: 7, fg: Black, bg: White, underline: Reset, modifier: NONE,
        x: 61, y: 7, fg: Reset, bg: Gray, underline: Reset, modifier: NONE,
        x: 63, y: 7, fg: Black, bg: Gray, underline: Reset, modifier: NONE,
        x: 64, y: 7, fg: Reset, bg: Reset, underline: Reset, modifier: NONE,
        x: 16, y: 8, fg: Black, bg: Gray, underline: Reset, modifier: NONE,
        x: 17, y: 8, fg: Reset, bg: Gray, underline: Reset, modifier: NONE,
        x: 19, y: 8, fg: Black, bg: White, underline: Reset, modifier: NONE,
        x: 41, y: 8, fg: Black, bg: Cyan, underline: Reset, modifier: BOLD | UNDERLINED,
        x: 42, y: 8, fg: Black, bg: White, underline: Reset, modifier: NONE,
        x: 61, y: 8, fg: Reset, bg: Gray, underline: Reset, modifier: NONE,
        x: 63, y: 8, fg: Black, bg: Gray, underline: Reset, modifier: NONE,
        x: 64, y: 8, fg: Reset, bg: Reset, underline: Reset, modifier: NONE,
        x: 16, y: 9, fg: Black, bg: Gray, underline: Reset, modifier: NONE,
        x: 17, y: 9, fg: Reset, bg: Gray, underline: Reset, modifier: NONE,
        x: 19, y: 9, fg: Black, bg: White, underline: Reset, modifier: NONE,
        x: 61, y: 9, fg: Reset, bg: Gray, underline: Reset, modifier: NONE,
        x: 63, y: 9, fg: Black, bg: Gray, underline: Reset, modifier: NONE,
        x: 64, y: 9, fg: Reset, bg: Reset, underline: Reset, modifier: NONE,
        x: 16, y: 10, fg: Black, bg: Gray, underline: Reset, modifier: NONE,
        x: 17, y: 10, fg: Reset, bg: Gray, underline: Reset, modifier: NONE,
        x: 19, y: 10, fg: Black, bg: White, underline: Reset, modifier: NONE,
        x: 61, y: 10, fg: Reset, bg: Gray, underline: Reset, modifier: NONE,
        x: 63, y: 10, fg: Black, bg: Gray, underline: Reset, modifier: NONE,
        x: 64, y: 10, fg: Reset, bg: Reset, underline: Reset, modifier: NONE,
        x: 16, y: 11, fg: Black, bg: Gray, underline: Reset, modifier: NONE,
        x: 17, y: 11, fg: Reset, bg: Gray, underline: Reset, modifier: NONE,
        x: 19, y: 11, fg: Black, bg: White, underline: Reset, modifier: NONE,
        x: 61, y: 11, fg: Reset, bg: Gray, underline: Reset, modifier: NONE,
        x: 63, y: 11, fg: Black, bg: Gray, underline: Reset, modifier: NONE,
        x: 64, y: 11, fg: Reset, bg: Reset, underline: Reset, modifier: NONE,
        x: 16, y: 12, fg: Black, bg: Gray, underline: Reset, modifier: NONE,
        x: 17, y: 12, fg: Reset, bg: Gray, underline: Reset, modifier: NONE,
        x: 19, y: 12, fg: Black, bg: White, underline: Reset, modifier: NONE,
        x: 61, y: 12, fg: Reset, bg: Gray, underline: Reset, modifier: NONE,
        x: 63, y: 12, fg: Black, bg: Gray, underline: Reset, modifier: NONE,
        x: 64, y: 12, fg: Reset, bg: Reset, underline: Reset, modifier: NONE,
        x: 16, y: 13, fg: Black, bg: Gray, underline: Reset, modifier: NONE,
        x: 17, y: 13, fg: Reset, bg: Gray, underline: Reset, modifier: NONE,
        x: 19, y: 13, fg: Black, bg: White, underline: Reset, modifier: NONE,
        x: 61, y: 13, fg: Reset, bg: Gray, underline: Reset, modifier: NONE,
        x: 63, y: 13, fg: Black, bg: Gray, underline: Reset, modifier: NONE,
        x: 64, y: 13, fg: Reset, bg: Reset, underline: Reset, modifier: NONE,
        x: 16, y: 14, fg: Black, bg: Gray, underline: Reset, modifier: NONE,
        x: 17, y: 14, fg: Reset, bg: Gray, underline: Reset, modifier: NONE,
        x: 19, y: 14, fg: Black, bg: White, underline: Reset, modifier: NONE,
        x: 61, y: 14, fg: Reset, bg: Gray, underline: Reset, modifier: NONE,
        x: 63, y: 14, fg: Black, bg: Gray, underline: Reset, modifier: NONE,
        x: 64, y: 14, fg: Reset, bg: Reset, underline: Reset, modifier: NONE,
        x: 16, y: 15, fg: Black, bg: Gray, underline: Reset, modifier: NONE,
        x: 17, y: 15, fg: Reset, bg: Gray, underline: Reset, modifier: NONE,
        x: 19, y: 15, fg: Black, bg: White, underline: Reset, modifier: NONE,
        x: 61, y: 15, fg: Reset, bg: Gray, underline: Reset, modifier: NONE,
        x: 63, y: 15, fg: Black, bg: Gray, underline: Reset, modifier: NONE,
        x: 64, y: 15, fg: Reset, bg: Reset, underline: Reset, modifier: NONE,
        x: 16, y: 16, fg: Black, bg: Gray, underline: Reset, modifier: NONE,
        x: 17, y: 16, fg: Reset, bg: Gray, underline: Reset, modifier: NONE,
        x: 19, y: 16, fg: Black, bg: White, underline: Reset, modifier: NONE,
        x: 61, y: 16, fg: Reset, bg: Gray, underline: Reset, modifier: NONE,
        x: 63, y: 16, fg: Black, bg: Gray, underline: Reset, modifier: NONE,
        x: 64, y: 16, fg: Reset, bg: Reset, underline: Reset, modifier: NONE,
        x: 16, y: 17, fg: Black, bg: Gray, underline: Reset, modifier: NONE,
        x: 17, y: 17, fg: Reset, bg: Gray, underline: Reset, modifier: NONE,
        x: 19, y: 17, fg: Black, bg: White, underline: Reset, modifier: NONE,
        x: 61, y: 17, fg: Reset, bg: Gray, underline: Reset, modifier: NONE,
        x: 63, y: 17, fg: Black, bg: Gray, underline: Reset, modifier: NONE,
        x: 64, y: 17, fg: Reset, bg: Reset, underline: Reset, modifier: NONE,
        x: 16, y: 18, fg: Black, bg: Gray, underline: Reset, modifier: NONE,
        x: 17, y: 18, fg: Reset, bg: Gray, underline: Reset, modifier: NONE,
        x: 19, y: 18, fg: DarkGray, bg: Gray, underline: Reset, modifier: NONE,
        x: 61, y: 18, fg: Reset, bg: Gray, underline: Reset, modifier: NONE,
        x: 63, y: 18, fg: Black, bg: Gray, underline: Reset, modifier: NONE,
        x: 64, y: 18, fg: Reset, bg: Reset, underline: Reset, modifier: NONE,
        x: 16, y: 19, fg: Black, bg: Gray, underline: Reset, modifier: NONE,
        x: 64, y: 19, fg: Reset, bg: Reset, underline: Reset, modifier: NONE,
    ]
}
