---
source: rwf-bin/src/ui/dialog/snapshot_tests/mod.rs
expression: "render_dialog_to_string(dialog, state, width, height)"
---
Buffer {
    area: Rect { x: 0, y: 0, width: 80, height: 24 },
    content: [
        "                                                                                ",
        "                                                                                ",
        "                                                                                ",
        "                                                                                ",
        "                ┌Diagnostic Report─────────────────────────────┐                ",
        "                │  What happened? (problem / expected behavio  │                ",
        "                │  hello world                                 │                ",
        "                │  日本語のバグ報告テスト                      │                ", // hidden by multi-width symbols: [(20, " "), (22, " "), (24, " "), (26, " "), (28, " "), (30, " "), (32, " "), (34, " "), (36, " "), (38, " "), (40, " ")]
        "                │  ascii again█                                │                ",
        "                │                                              │                ",
        "                │                                              │                ",
        "                │                                              │                ",
        "                │                                              │                ",
        "                │                                              │                ",
        "                │                                              │                ",
        "                │                                              │                ",
        "                │                                              │                ",
        "                │                                              │                ",
        "                │  Ctrl+S confirm, Enter newline, Esc cancel   │                ",
        "                └──────────────────────────────────────────────┘                ",
        "                                                                                ",
        "                                                                                ",
        "                                                                                ",
        "                                                                                ",
    ],
    styles: [
        x: 0, y: 0, fg: Reset, bg: Reset, underline: Reset, modifier: NONE,
        x: 16, y: 4, fg: Black, bg: Gray, underline: Reset, modifier: NONE,
        x: 17, y: 4, fg: Black, bg: Gray, underline: Reset, modifier: BOLD,
        x: 34, y: 4, fg: Black, bg: Gray, underline: Reset, modifier: NONE,
        x: 64, y: 4, fg: Reset, bg: Reset, underline: Reset, modifier: NONE,
        x: 16, y: 5, fg: Black, bg: Gray, underline: Reset, modifier: NONE,
        x: 17, y: 5, fg: Reset, bg: Gray, underline: Reset, modifier: NONE,
        x: 19, y: 5, fg: Black, bg: Gray, underline: Reset, modifier: NONE,
        x: 61, y: 5, fg: Reset, bg: Gray, underline: Reset, modifier: NONE,
        x: 63, y: 5, fg: Black, bg: Gray, underline: Reset, modifier: NONE,
        x: 64, y: 5, fg: Reset, bg: Reset, underline: Reset, modifier: NONE,
        x: 16, y: 6, fg: Black, bg: Gray, underline: Reset, modifier: NONE,
        x: 17, y: 6, fg: Reset, bg: Gray, underline: Reset, modifier: NONE,
        x: 19, y: 6, fg: Black, bg: White, underline: Reset, modifier: NONE,
        x: 61, y: 6, fg: Reset, bg: Gray, underline: Reset, modifier: NONE,
        x: 63, y: 6, fg: Black, bg: Gray, underline: Reset, modifier: NONE,
        x: 64, y: 6, fg: Reset, bg: Reset, underline: Reset, modifier: NONE,
        x: 16, y: 7, fg: Black, bg: Gray, underline: Reset, modifier: NONE,
        x: 17, y: 7, fg: Reset, bg: Gray, underline: Reset, modifier: NONE,
        x: 19, y: 7, fg: Black, bg: White, underline: Reset, modifier: NONE,
        x: 20, y: 7, fg: Reset, bg: Reset, underline: Reset, modifier: NONE,
        x: 21, y: 7, fg: Black, bg: White, underline: Reset, modifier: NONE,
        x: 22, y: 7, fg: Reset, bg: Reset, underline: Reset, modifier: NONE,
        x: 23, y: 7, fg: Black, bg: White, underline: Reset, modifier: NONE,
        x: 24, y: 7, fg: Reset, bg: Reset, underline: Reset, modifier: NONE,
        x: 25, y: 7, fg: Black, bg: White, underline: Reset, modifier: NONE,
        x: 26, y: 7, fg: Reset, bg: Reset, underline: Reset, modifier: NONE,
        x: 27, y: 7, fg: Black, bg: White, underline: Reset, modifier: NONE,
        x: 28, y: 7, fg: Reset, bg: Reset, underline: Reset, modifier: NONE,
        x: 29, y: 7, fg: Black, bg: White, underline: Reset, modifier: NONE,
        x: 30, y: 7, fg: Reset, bg: Reset, underline: Reset, modifier: NONE,
        x: 31, y: 7, fg: Black, bg: White, underline: Reset, modifier: NONE,
        x: 32, y: 7, fg: Reset, bg: Reset, underline: Reset, modifier: NONE,
        x: 33, y: 7, fg: Black, bg: White, underline: Reset, modifier: NONE,
        x: 34, y: 7, fg: Reset, bg: Reset, underline: Reset, modifier: NONE,
        x: 35, y: 7, fg: Black, bg: White, underline: Reset, modifier: NONE,
        x: 36, y: 7, fg: Reset, bg: Reset, underline: Reset, modifier: NONE,
        x: 37, y: 7, fg: Black, bg: White, underline: Reset, modifier: NONE,
        x: 38, y: 7, fg: Reset, bg: Reset, underline: Reset, modifier: NONE,
        x: 39, y: 7, fg: Black, bg: White, underline: Reset, modifier: NONE,
        x: 40, y: 7, fg: Reset, bg: Reset, underline: Reset, modifier: NONE,
        x: 41, y: 7, fg: Black, bg: White, underline: Reset, modifier: NONE,
        x: 61, y: 7, fg: Reset, bg: Gray, underline: Reset, modifier: NONE,
        x: 63, y: 7, fg: Black, bg: Gray, underline: Reset, modifier: NONE,
        x: 64, y: 7, fg: Reset, bg: Reset, underline: Reset, modifier: NONE,
        x: 16, y: 8, fg: Black, bg: Gray, underline: Reset, modifier: NONE,
        x: 17, y: 8, fg: Reset, bg: Gray, underline: Reset, modifier: NONE,
        x: 19, y: 8, fg: Black, bg: White, underline: Reset, modifier: NONE,
        x: 30, y: 8, fg: Black, bg: Cyan, underline: Reset, modifier: BOLD | UNDERLINED,
        x: 31, y: 8, fg: Black, bg: White, underline: Reset, modifier: NONE,
        x: 61, y: 8, fg: Reset, bg: Gray, underline: Reset, modifier: NONE,
        x: 63, y: 8, fg: Black, bg: Gray, underline: Reset, modifier: NONE,
        x: 64, y: 8, fg: Reset, bg: Reset, underline: Reset, modifier: NONE,
        x: 16, y: 9, fg: Black, bg: Gray, underline: Reset, modifier: NONE,
        x: 17, y: 9, fg: Reset, bg: Gray, underline: Reset, modifier: NONE,
        x: 19, y: 9, fg: Black, bg: White, underline: Reset, modifier: NONE,
        x: 61, y: 9, fg: Reset, bg: Gray, underline: Reset, modifier: NONE,
        x: 63, y: 9, fg: Black, bg: Gray, underline: Reset, modifier: NONE,
        x: 64, y: 9, fg: Reset, bg: Reset, underline: Reset, modifier: NONE,
        x: 16, y: 10, fg: Black, bg: Gray, underline: Reset, modifier: NONE,
        x: 17, y: 10, fg: Reset, bg: Gray, underline: Reset, modifier: NONE,
        x: 19, y: 10, fg: Black, bg: White, underline: Reset, modifier: NONE,
        x: 61, y: 10, fg: Reset, bg: Gray, underline: Reset, modifier: NONE,
        x: 63, y: 10, fg: Black, bg: Gray, underline: Reset, modifier: NONE,
        x: 64, y: 10, fg: Reset, bg: Reset, underline: Reset, modifier: NONE,
        x: 16, y: 11, fg: Black, bg: Gray, underline: Reset, modifier: NONE,
        x: 17, y: 11, fg: Reset, bg: Gray, underline: Reset, modifier: NONE,
        x: 19, y: 11, fg: Black, bg: White, underline: Reset, modifier: NONE,
        x: 61, y: 11, fg: Reset, bg: Gray, underline: Reset, modifier: NONE,
        x: 63, y: 11, fg: Black, bg: Gray, underline: Reset, modifier: NONE,
        x: 64, y: 11, fg: Reset, bg: Reset, underline: Reset, modifier: NONE,
        x: 16, y: 12, fg: Black, bg: Gray, underline: Reset, modifier: NONE,
        x: 17, y: 12, fg: Reset, bg: Gray, underline: Reset, modifier: NONE,
        x: 19, y: 12, fg: Black, bg: White, underline: Reset, modifier: NONE,
        x: 61, y: 12, fg: Reset, bg: Gray, underline: Reset, modifier: NONE,
        x: 63, y: 12, fg: Black, bg: Gray, underline: Reset, modifier: NONE,
        x: 64, y: 12, fg: Reset, bg: Reset, underline: Reset, modifier: NONE,
        x: 16, y: 13, fg: Black, bg: Gray, underline: Reset, modifier: NONE,
        x: 17, y: 13, fg: Reset, bg: Gray, underline: Reset, modifier: NONE,
        x: 19, y: 13, fg: Black, bg: White, underline: Reset, modifier: NONE,
        x: 61, y: 13, fg: Reset, bg: Gray, underline: Reset, modifier: NONE,
        x: 63, y: 13, fg: Black, bg: Gray, underline: Reset, modifier: NONE,
        x: 64, y: 13, fg: Reset, bg: Reset, underline: Reset, modifier: NONE,
        x: 16, y: 14, fg: Black, bg: Gray, underline: Reset, modifier: NONE,
        x: 17, y: 14, fg: Reset, bg: Gray, underline: Reset, modifier: NONE,
        x: 19, y: 14, fg: Black, bg: White, underline: Reset, modifier: NONE,
        x: 61, y: 14, fg: Reset, bg: Gray, underline: Reset, modifier: NONE,
        x: 63, y: 14, fg: Black, bg: Gray, underline: Reset, modifier: NONE,
        x: 64, y: 14, fg: Reset, bg: Reset, underline: Reset, modifier: NONE,
        x: 16, y: 15, fg: Black, bg: Gray, underline: Reset, modifier: NONE,
        x: 17, y: 15, fg: Reset, bg: Gray, underline: Reset, modifier: NONE,
        x: 19, y: 15, fg: Black, bg: White, underline: Reset, modifier: NONE,
        x: 61, y: 15, fg: Reset, bg: Gray, underline: Reset, modifier: NONE,
        x: 63, y: 15, fg: Black, bg: Gray, underline: Reset, modifier: NONE,
        x: 64, y: 15, fg: Reset, bg: Reset, underline: Reset, modifier: NONE,
        x: 16, y: 16, fg: Black, bg: Gray, underline: Reset, modifier: NONE,
        x: 17, y: 16, fg: Reset, bg: Gray, underline: Reset, modifier: NONE,
        x: 19, y: 16, fg: Black, bg: White, underline: Reset, modifier: NONE,
        x: 61, y: 16, fg: Reset, bg: Gray, underline: Reset, modifier: NONE,
        x: 63, y: 16, fg: Black, bg: Gray, underline: Reset, modifier: NONE,
        x: 64, y: 16, fg: Reset, bg: Reset, underline: Reset, modifier: NONE,
        x: 16, y: 17, fg: Black, bg: Gray, underline: Reset, modifier: NONE,
        x: 17, y: 17, fg: Reset, bg: Gray, underline: Reset, modifier: NONE,
        x: 19, y: 17, fg: Black, bg: White, underline: Reset, modifier: NONE,
        x: 61, y: 17, fg: Reset, bg: Gray, underline: Reset, modifier: NONE,
        x: 63, y: 17, fg: Black, bg: Gray, underline: Reset, modifier: NONE,
        x: 64, y: 17, fg: Reset, bg: Reset, underline: Reset, modifier: NONE,
        x: 16, y: 18, fg: Black, bg: Gray, underline: Reset, modifier: NONE,
        x: 17, y: 18, fg: Reset, bg: Gray, underline: Reset, modifier: NONE,
        x: 19, y: 18, fg: DarkGray, bg: Gray, underline: Reset, modifier: NONE,
        x: 61, y: 18, fg: Reset, bg: Gray, underline: Reset, modifier: NONE,
        x: 63, y: 18, fg: Black, bg: Gray, underline: Reset, modifier: NONE,
        x: 64, y: 18, fg: Reset, bg: Reset, underline: Reset, modifier: NONE,
        x: 16, y: 19, fg: Black, bg: Gray, underline: Reset, modifier: NONE,
        x: 64, y: 19, fg: Reset, bg: Reset, underline: Reset, modifier: NONE,
    ]
}
